 final

 Timestamp is 38480bcf (Fri Dec 03 12:28:31 1999)

 Preferred load address is 00400000

 Start         Length     Name                   Class
 0001:00000000 0003a35cH .text                   CODE
 0001:0003a360 00000095H .text$x                 CODE
 0002:00000000 00005d0eH .rdata                  DATA
 0002:00005d10 000000c8H .xdata$x                DATA
 0002:00005dd8 00000000H .edata                  DATA
 0003:00000000 00000004H .CRT$XCA                DATA
 0003:00000004 00000004H .CRT$XCU                DATA
 0003:00000008 00000004H .CRT$XCZ                DATA
 0003:0000000c 00000004H .CRT$XIA                DATA
 0003:00000010 0000000cH .CRT$XIC                DATA
 0003:0000001c 00000004H .CRT$XIY                DATA
 0003:00000020 00000004H .CRT$XIZ                DATA
 0003:00000024 00000004H .CRT$XPA                DATA
 0003:00000028 00000004H .CRT$XPX                DATA
 0003:0000002c 00000004H .CRT$XPZ                DATA
 0003:00000030 00000004H .CRT$XTA                DATA
 0003:00000034 00000004H .CRT$XTB                DATA
 0003:00000038 00000004H .CRT$XTZ                DATA
 0003:00000040 00001290H .data                   DATA
 0003:000012d0 001e6034H .bss                    DATA
 0004:00000000 000000b4H .idata$2                DATA
 0004:000000b4 00000014H .idata$3                DATA
 0004:000000c8 000002a0H .idata$4                DATA
 0004:00000368 000002a0H .idata$5                DATA
 0004:00000608 00000a72H .idata$6                DATA
 0005:00000000 000002c8H .rsrc$01                DATA
 0005:000002d0 00001098H .rsrc$02                DATA

  Address         Publics by Value              Rva+Base     Lib:Object

 0001:00000000       ?IsPlayerHit@CMyD3DApplication@@QAEXXZ 00401000 f   Collision.obj
 0001:000004c0       ?MovePlayer@CMyD3DApplication@@QAEXPAUControls_typ@@@Z 004014c0 f   Controls.obj
 0001:00000610       ?ResetChatString@CMyD3DApplication@@QAEXXZ 00401610 f   Controls.obj
 0001:00000640       ?HandleTalkMode@CMyD3DApplication@@QAEXPAE@Z 00401640 f   Controls.obj
 0001:00000980       ?DriveMode@CMyD3DApplication@@QAEXPAUControls_typ@@@Z 00401980 f   Controls.obj
 0001:00000ee0       ?WalkMode@CMyD3DApplication@@QAEXPAUControls_typ@@@Z 00401ee0 f   Controls.obj
 0001:00001430       _cosf                      00402430 f i Controls.obj
 0001:00001470       _sinf                      00402470 f i Controls.obj
 0001:000014b0       ??0CD3DApplication@@QAE@XZ 004024b0 f   d3dapp.obj
 0001:000015d0       ?Create@CD3DApplication@@UAEJPAUHINSTANCE__@@PAD@Z 004025d0 f   d3dapp.obj
 0001:000018e0       ?Run@CD3DApplication@@UAEHXZ 004028e0 f   d3dapp.obj
 0001:00001ab0       ?MsgProc@CD3DApplication@@UAEJPAUHWND__@@IIJ@Z 00402ab0 f   d3dapp.obj
 0001:00002260       ?Initialize3DEnvironment@CD3DApplication@@AAEJXZ 00403260 f   d3dapp.obj
 0001:00002430       ?Change3DEnvironment@CD3DApplication@@QAEJXZ 00403430 f   d3dapp.obj
 0001:00002640       ?Render3DEnvironment@CD3DApplication@@EAEJXZ 00403640 f   d3dapp.obj
 0001:00002940       ??0_D3DMATRIX@@QAE@XZ      00403940 f i d3dapp.obj
 0001:00002970       ?Cleanup3DEnvironment@CD3DApplication@@AAEXXZ 00403970 f   d3dapp.obj
 0001:00002a30       ?Pause@CD3DApplication@@UAEXH@Z 00403a30 f   d3dapp.obj
 0001:00002b10       ?OnQuerySuspend@CD3DApplication@@MAEJK@Z 00403b10 f   d3dapp.obj
 0001:00002b60       ?OnResumeSuspend@CD3DApplication@@MAEJK@Z 00403b60 f   d3dapp.obj
 0001:00002bb0       ?ShowStats@CD3DApplication@@IAEXXZ 00403bb0 f   d3dapp.obj
 0001:00002cb0       ?OutputText@CD3DApplication@@IAEXKKPAD@Z 00403cb0 f   d3dapp.obj
 0001:00002e60       ?DisplayFrameworkError@CD3DApplication@@AAEXJK@Z 00403e60 f   d3dapp.obj
 0001:00003350       ?SetViewParams@CD3DApplication@@IAEXPAU_D3DVECTOR@@00M@Z 00404350 f   d3dapp.obj
 0001:000034b0       ??H@YA?AU_D3DVECTOR@@ABU0@0@Z 004044b0 f i d3dapp.obj
 0001:00003530       ??0_D3DVECTOR@@QAE@MMM@Z   00404530 f i d3dapp.obj
 0001:00003580       ??G@YA?AU_D3DVECTOR@@ABU0@0@Z 00404580 f i d3dapp.obj
 0001:00003600       ??D@YA?AU_D3DVECTOR@@ABU0@M@Z 00404600 f i d3dapp.obj
 0001:00003670       ?Normalize@@YA?AU_D3DVECTOR@@ABU1@@Z 00404670 f i d3dapp.obj
 0001:000036d0       ??K@YA?AU_D3DVECTOR@@ABU0@M@Z 004046d0 f i d3dapp.obj
 0001:00003740       ?Magnitude@@YAMABU_D3DVECTOR@@@Z 00404740 f i d3dapp.obj
 0001:00003790       ?SquareMagnitude@@YAMABU_D3DVECTOR@@@Z 00404790 f i d3dapp.obj
 0001:000037e0       ?CrossProduct@@YA?AU_D3DVECTOR@@ABU1@0@Z 004047e0 f i d3dapp.obj
 0001:00003910       ??0_D3DVECTOR@@QAE@XZ      00404910 f i d3dapp.obj
 0001:00003940       ??A_D3DVECTOR@@QBEABMH@Z   00404940 f i d3dapp.obj
 0001:00003970       ??A_D3DVECTOR@@QAEAAMH@Z   00404970 f i d3dapp.obj
 0001:000039a0       ?GetDirectDraw@CD3DFramework7@@QAEPAUIDirectDraw7@@XZ 004049a0 f i d3dapp.obj
 0001:000039d0       ?GetDirect3D@CD3DFramework7@@QAEPAUIDirect3D7@@XZ 004049d0 f i d3dapp.obj
 0001:00003a00       ?GetD3DDevice@CD3DFramework7@@QAEPAUIDirect3DDevice7@@XZ 00404a00 f i d3dapp.obj
 0001:00003a30       ?GetRenderSurface@CD3DFramework7@@QAEPAUIDirectDrawSurface7@@XZ 00404a30 f i d3dapp.obj
 0001:00003a60       ?GetRenderSurfaceLeft@CD3DFramework7@@QAEPAUIDirectDrawSurface7@@XZ 00404a60 f i d3dapp.obj
 0001:00003a90       ?OneTimeSceneInit@CD3DApplication@@MAEJXZ 00404a90 f i d3dapp.obj
 0001:00003ac0       ?InitDeviceObjects@CD3DApplication@@MAEJXZ 00404ac0 f i d3dapp.obj
 0001:00003af0       ?DeleteDeviceObjects@CD3DApplication@@MAEJXZ 00404af0 f i d3dapp.obj
 0001:00003b20       ?Render@CD3DApplication@@MAEJXZ 00404b20 f i d3dapp.obj
 0001:00003b50       ?FrameMove@CD3DApplication@@MAEJM@Z 00404b50 f i d3dapp.obj
 0001:00003b80       ?RestoreSurfaces@CD3DApplication@@MAEJXZ 00404b80 f i d3dapp.obj
 0001:00003bb0       ?FinalCleanup@CD3DApplication@@MAEJXZ 00404bb0 f i d3dapp.obj
 0001:00003be0       ??_GCD3DFramework7@@QAEPAXI@Z 00404be0 f i d3dapp.obj
 0001:00003c40       ?SortModesCallback@@YAHPBX0@Z 00404c40 f   d3denum.obj
 0001:00003cf0       ?D3DEnum_EnumerateDevices@@YAJP6AJPAU_DDCAPS_DX7@@PAU_D3DDeviceDesc7@@@Z@Z 00404cf0 f   d3denum.obj
 0001:00004520       ?D3DEnum_FreeResources@@YAXXZ 00405520 f   d3denum.obj
 0001:000045b0       ?D3DEnum_GetDevices@@YAXPAPAUD3DEnum_DeviceInfo@@PAK@Z 004055b0 f   d3denum.obj
 0001:000045f0       ?D3DEnum_UserChangeDevice@@YAJPAPAUD3DEnum_DeviceInfo@@@Z 004055f0 f   d3denum.obj
 0001:00004de0       ?D3DEnum_SelectDefaultDevice@@YAJPAPAUD3DEnum_DeviceInfo@@K@Z 00405de0 f   d3denum.obj
 0001:00004fa0       ??8@YAHABU_GUID@@0@Z       00405fa0 f i d3denum.obj
 0001:00004fe0       ??0CD3DFramework7@@QAE@XZ  00405fe0 f   d3dframe.obj
 0001:00005090       ??1CD3DFramework7@@QAE@XZ  00406090 f   d3dframe.obj
 0001:000050d0       ?DestroyObjects@CD3DFramework7@@QAEJXZ 004060d0 f   d3dframe.obj
 0001:000052f0       ?Initialize@CD3DFramework7@@QAEJPAUHWND__@@PAU_GUID@@1PAU_DDSURFACEDESC2@@K@Z 004062f0 f   d3dframe.obj
 0001:000053d0       ?CreateEnvironment@CD3DFramework7@@AAEJPAU_GUID@@0PAU_DDSURFACEDESC2@@K@Z 004063d0 f   d3dframe.obj
 0001:000054e0       ?IsEqualGUID@@YAHABU_GUID@@0@Z 004064e0 f i d3dframe.obj
 0001:00005520       ?CreateDirectDraw@CD3DFramework7@@AAEJPAU_GUID@@K@Z 00406520 f   d3dframe.obj
 0001:00005660       ?CreateFullscreenBuffers@CD3DFramework7@@AAEJPAU_DDSURFACEDESC2@@@Z 00406660 f   d3dframe.obj
 0001:00005ad0       ?CreateWindowedBuffers@CD3DFramework7@@AAEJXZ 00406ad0 f   d3dframe.obj
 0001:00005e20       ?CreateDirect3D@CD3DFramework7@@AAEJPAU_GUID@@@Z 00406e20 f   d3dframe.obj
 0001:00005f80       ?CreateZBuffer@CD3DFramework7@@AAEJPAU_GUID@@@Z 00406f80 f   d3dframe.obj
 0001:000062c0       ?RestoreSurfaces@CD3DFramework7@@QAEJXZ 004072c0 f   d3dframe.obj
 0001:00006310       ?Move@CD3DFramework7@@QAEXHH@Z 00407310 f   d3dframe.obj
 0001:00006380       ?FlipToGDISurface@CD3DFramework7@@QAEJH@Z 00407380 f   d3dframe.obj
 0001:00006420       ?ShowFrame@CD3DFramework7@@QAEJXZ 00407420 f   d3dframe.obj
 0001:000064f0       ?D3DMath_MatrixMultiply@@YAXAAU_D3DMATRIX@@00@Z 004074f0 f   d3dmath.obj
 0001:00006640       ?D3DMath_MatrixInvert@@YAJAAU_D3DMATRIX@@0@Z 00407640 f   d3dmath.obj
 0001:00006980       ?D3DMath_VectorMatrixMultiply@@YAJAAU_D3DVECTOR@@0AAU_D3DMATRIX@@@Z 00407980 f   d3dmath.obj
 0001:00006ac0       ?D3DMath_VertexMatrixMultiply@@YAJAAU_D3DVERTEX@@0AAU_D3DMATRIX@@@Z 00407ac0 f   d3dmath.obj
 0001:00006b40       ?D3DMath_QuaternionFromRotation@@YAXAAM000AAU_D3DVECTOR@@M@Z 00407b40 f   d3dmath.obj
 0001:00006bf0       ?D3DMath_RotationFromQuaternion@@YAXAAU_D3DVECTOR@@AAMMMMM@Z 00407bf0 f   d3dmath.obj
 0001:00006c90       _acosf                     00407c90 f i d3dmath.obj
 0001:00006cd0       ?D3DMath_QuaternionFromAngles@@YAXAAM000MMM@Z 00407cd0 f   d3dmath.obj
 0001:00006df0       ?D3DMath_MatrixFromQuaternion@@YAXAAU_D3DMATRIX@@MMMM@Z 00407df0 f   d3dmath.obj
 0001:00006f40       ?D3DMath_QuaternionFromMatrix@@YAXAAM000AAU_D3DMATRIX@@@Z 00407f40 f   d3dmath.obj
 0001:00007160       _sqrtf                     00408160 f i d3dmath.obj
 0001:000071a0       ?D3DMath_QuaternionMultiply@@YAXAAM000MMMMMMMM@Z 004081a0 f   d3dmath.obj
 0001:00007270       ?D3DMath_QuaternionSlerp@@YAXAAM000MMMMMMMMM@Z 00408270 f   d3dmath.obj
 0001:00007440       ??0CD3DTextureManager@@QAE@XZ 00408440 f i d3dtextr.obj
 0001:000074f0       ??1CD3DTextureManager@@QAE@XZ 004084f0 f i d3dtextr.obj
 0001:00007560       ??_GTextureContainer@@QAEPAXI@Z 00408560 f i d3dtextr.obj
 0001:000075c0       ??0TextureContainer@@QAE@PADKK@Z 004085c0 f   d3dtextr.obj
 0001:00007680       ??1TextureContainer@@QAE@XZ 00408680 f   d3dtextr.obj
 0001:00007760       ?LoadImageData@TextureContainer@@QAEJXZ 00408760 f   d3dtextr.obj
 0001:00007930       __tcsrchr                  00408930 f i d3dtextr.obj
 0001:00007970       ?LoadBitmapFile@TextureContainer@@QAEJPAD@Z 00408970 f   d3dtextr.obj
 0001:000079e0       ?LoadTargaFile@TextureContainer@@QAEJPAD@Z 004089e0 f   d3dtextr.obj
 0001:00008190       ?Restore@TextureContainer@@QAEJPAUIDirect3DDevice7@@@Z 00409190 f   d3dtextr.obj
 0001:000087d0       ?CopyBitmapToSurface@TextureContainer@@QAEJXZ 004097d0 f   d3dtextr.obj
 0001:00008ec0       ?CopyRGBADataToSurface@TextureContainer@@QAEJXZ 00409ec0 f   d3dtextr.obj
 0001:00009490       ?D3DTextr_SetTexturePath@@YAXPAD@Z 0040a490 f   d3dtextr.obj
 0001:000094e0       ?D3DTextr_CreateTextureFromFile@@YAJPADKK@Z 0040a4e0 f   d3dtextr.obj
 0001:000096b0       ?D3DTextr_CreateEmptyTexture@@YAJPADKKKK@Z 0040a6b0 f   d3dtextr.obj
 0001:000097d0       ?D3DTextr_Restore@@YAJPADPAUIDirect3DDevice7@@@Z 0040a7d0 f   d3dtextr.obj
 0001:00009830       ?D3DTextr_RestoreAllTextures@@YAJPAUIDirect3DDevice7@@@Z 0040a830 f   d3dtextr.obj
 0001:00009890       ?D3DTextr_Invalidate@@YAJPAD@Z 0040a890 f   d3dtextr.obj
 0001:00009910       ?D3DTextr_InvalidateAllTextures@@YAJXZ 0040a910 f   d3dtextr.obj
 0001:00009990       ?D3DTextr_DestroyTexture@@YAJPAD@Z 0040a990 f   d3dtextr.obj
 0001:00009a00       ?D3DTextr_GetSurface@@YAPAUIDirectDrawSurface7@@PAD@Z 0040aa00 f   d3dtextr.obj
 0001:00009a60       ?D3DUtil_GetDXSDKMediaPath@@YAPBDXZ 0040aa60 f   d3dutil.obj
 0001:00009b30       ?D3DUtil_InitSurfaceDesc@@YAXAAU_DDSURFACEDESC2@@KK@Z 0040ab30 f   d3dutil.obj
 0001:00009b90       ?D3DUtil_InitMaterial@@YAXAAU_D3DMATERIAL7@@MMMM@Z 0040ab90 f   d3dutil.obj
 0001:00009c10       ?D3DUtil_InitLight@@YAXAAU_D3DLIGHT7@@W4_D3DLIGHTTYPE@@MMM@Z 0040ac10 f   d3dutil.obj
 0001:00009cf0       ?D3DUtil_SetViewMatrix@@YAJAAU_D3DMATRIX@@AAU_D3DVECTOR@@11@Z 0040acf0 f   d3dutil.obj
 0001:00009f90       ?D3DUtil_SetProjectionMatrix@@YAJAAU_D3DMATRIX@@MMMM@Z 0040af90 f   d3dutil.obj
 0001:0000a0e0       ?D3DUtil_SetRotateXMatrix@@YAXAAU_D3DMATRIX@@M@Z 0040b0e0 f   d3dutil.obj
 0001:0000a160       ?D3DUtil_SetRotateYMatrix@@YAXAAU_D3DMATRIX@@M@Z 0040b160 f   d3dutil.obj
 0001:0000a1e0       ?D3DUtil_SetRotateZMatrix@@YAXAAU_D3DMATRIX@@M@Z 0040b1e0 f   d3dutil.obj
 0001:0000a260       ?D3DUtil_SetRotationMatrix@@YAXAAU_D3DMATRIX@@AAU_D3DVECTOR@@M@Z 0040b260 f   d3dutil.obj
 0001:0000a420       ?_DbgOut@@YAJPADKJ0@Z      0040b420 f   d3dutil.obj
 0001:0000a500       ??_0_D3DVECTOR@@QAEAAU0@M@Z 0040b500 f i d3dutil.obj
 0001:0000a560       ??D@YA?AU_D3DVECTOR@@MABU0@@Z 0040b560 f i d3dutil.obj
 0001:0000a5d0       ?DotProduct@@YAMABU_D3DVECTOR@@0@Z 0040b5d0 f i d3dutil.obj
 0001:0000a620       ?D3DUtil_SetIdentityMatrix@@YAXAAU_D3DMATRIX@@@Z 0040b620 f i d3dutil.obj
 0001:0000a6e0       ?DPConnect_StartDirectPlayConnect@@YAHPAUHINSTANCE__@@H@Z 0040b6e0 f   DpConnect.obj
 0001:0000a8b0       ?DPConnect_ConnectionsDlgProc@@YGHPAUHWND__@@IIJ@Z 0040b8b0 f   DpConnect.obj
 0001:0000aab0       ?DPConnect_ConnectionsDlgFillListBox@@YAJPAUHWND__@@@Z 0040bab0 f   DpConnect.obj
 0001:0000ac70       ?DPConnect_EnumConnectionsCallback@@YGHPBU_GUID@@PAXKPBUDPNAME@@K1@Z 0040bc70 f   DpConnect.obj
 0001:0000ade0       ?DPConnect_ConnectionsDlgOnOK@@YAJPAUHWND__@@@Z 0040bde0 f   DpConnect.obj
 0001:0000afe0       ?DPConnect_ConnectionsDlgCleanup@@YAXPAUHWND__@@@Z 0040bfe0 f   DpConnect.obj
 0001:0000b0b0       ?DPConnect_SessionsDlgProc@@YGHPAUHWND__@@IIJ@Z 0040c0b0 f   DpConnect.obj
 0001:0000b550       ?DPConnect_SessionsDlgInitListbox@@YAXPAUHWND__@@@Z 0040c550 f   DpConnect.obj
 0001:0000b670       ?DPConnect_SessionsDlgShowGames@@YAJPAUHWND__@@@Z 0040c670 f   DpConnect.obj
 0001:0000b9b0       ?DPConnect_EnumSessionsCallback@@YGHPBUDPSESSIONDESC2@@PAKKPAX@Z 0040c9b0 f   DpConnect.obj
 0001:0000ba90       ?DPConnect_SessionsDlgJoinGame@@YAJPAUHWND__@@@Z 0040ca90 f   DpConnect.obj
 0001:0000bce0       ?DPConnect_SessionsDlgCreateGame@@YAJPAUHWND__@@@Z 0040cce0 f   DpConnect.obj
 0001:0000c1b0       ?DPConnect_CreateSessionDlgProc@@YGHPAUHWND__@@IIJ@Z 0040d1b0 f   DpConnect.obj
 0001:0000c2f0       ?DPConnect_SessionsDlgCleanup@@YAXXZ 0040d2f0 f   DpConnect.obj
 0001:0000c370       ?DPConnect_WaitForLobbyLaunch@@YAJPAUHWND__@@@Z 0040d370 f   DpConnect.obj
 0001:0000c4f0       ?DPConnect_CheckForLobbyLaunch@@YAJPAH@Z 0040d4f0 f   DpConnect.obj
 0001:0000c740       ?DPConnect_DoLobbyLaunch@@YAJXZ 0040d740 f   DpConnect.obj
 0001:0000c8c0       ?DPConnect_LobbyWaitDlgProc@@YGHPAUHWND__@@IIJ@Z 0040d8c0 f   DpConnect.obj
 0001:0000caa0       ?DPConnect_GetLobbyConnectionSettingsMessage@@YAJXZ 0040daa0 f   DpConnect.obj
 0001:0000cbd0       ?Get_hWnd@CD3DApplication@@QAEPAUHWND__@@XZ 0040dbd0 f i DpConnect.obj
 0001:0000cc00       ?RrDestroyPlayer@@YAXXZ    0040dc00 f   DpMessages.obj
 0001:0000cdd0       ?ProcessDirectPlayMessages@@YAJPAUHWND__@@@Z 0040ddd0 f   DpMessages.obj
 0001:0000cf50       ?HandleAppMessages@@YAJPAUHWND__@@PAUGAMEMSG_GENERIC@@KKK@Z 0040df50 f   DpMessages.obj
 0001:0000dd10       ?DisplayIncomingDpChatMessages@@YAXXZ 0040ed10 f   DpMessages.obj
 0001:0000dd90       ?AddDpChatMessageToDisplay@@YAXPAD@Z 0040ed90 f   DpMessages.obj
 0001:0000de40       ?GetPlayerNumber@@YAHK@Z   0040ee40 f   DpMessages.obj
 0001:0000def0       ?HandleSystemMessages@@YAJPAUHWND__@@PAUDPMSG_GENERIC@@KKK@Z 0040eef0 f   DpMessages.obj
 0001:0000e610       ?SendPlayerInfoMessage@@YAJKEPADEK@Z 0040f610 f   DpMessages.obj
 0001:0000e850       ?SendPositionMessage@@YAJKMMMMH@Z 0040f850 f   DpMessages.obj
 0001:0000e9e0       ?SendActionFlagMessage@@YAJKHK@Z 0040f9e0 f   DpMessages.obj
 0001:0000eb60       ?SendActionWordMessage@@YAJKHK@Z 0040fb60 f   DpMessages.obj
 0001:0000ece0       ?SendActionDWordMessage@@YAJKKKK@Z 0040fce0 f   DpMessages.obj
 0001:0000ee50       ?SendActionFloatMessage@@YAJKMKK@Z 0040fe50 f   DpMessages.obj
 0001:0000efe0       ?SendChatMessage@@YAJKPAD@Z 0040ffe0 f   DpMessages.obj
 0001:0000f170       ?UpdatePosCallBack@@YGHIIKKK@Z 00410170 f   DpMessages.obj
 0001:0000f250       ?DisplayNumberPlayersInGame@@YAXPAUHWND__@@@Z 00410250 f   DpMessages.obj
 0001:0000f290       ?ReadDpInfoFromRegistry@@YAXXZ 00410290 f   DpMessages.obj
 0001:0000f350       ?ReadRegKey@@YAJPAUHKEY__@@PAD1K1@Z 00410350 f   DpMessages.obj
 0001:0000f3c0       ?WriteRegisteryInfo@@YAXXZ 004103c0 f   DpMessages.obj
 0001:0000f440       ?WriteRegKey@@YAJPAUHKEY__@@PAD1@Z 00410440 f   DpMessages.obj
 0001:0000f4b0       ??0C3DS@@QAE@XZ            004104b0 f   Import3DS.obj
 0001:0000f4e0       ?Import3DS@C3DS@@QAEHPAUHWND__@@PADHM@Z 004104e0 f   Import3DS.obj
 0001:000118d0       ?ProcessVertexData@C3DS@@QAEHPAUHWND__@@PAU_iobuf@@@Z 004128d0 f   Import3DS.obj
 0001:00011ad0       ?ProcessFaceData@C3DS@@QAEHPAUHWND__@@PAU_iobuf@@@Z 00412ad0 f   Import3DS.obj
 0001:00011d40       ?ProcessTriSmoothData@C3DS@@QAEXPAU_iobuf@@@Z 00412d40 f   Import3DS.obj
 0001:00011e40       ?ProcessTriLocalData@C3DS@@QAEXPAU_iobuf@@@Z 00412e40 f   Import3DS.obj
 0001:00012080       ?AddMapName@C3DS@@QAEXPAUHWND__@@PAU_iobuf@@H@Z 00413080 f   Import3DS.obj
 0001:00012260       ?AddMaterialName@C3DS@@QAEXPAUHWND__@@PAU_iobuf@@@Z 00413260 f   Import3DS.obj
 0001:00012380       ?ProcessMaterialData@C3DS@@QAEXPAUHWND__@@PAU_iobuf@@H@Z 00413380 f   Import3DS.obj
 0001:00012550       ?ProcessMappingData@C3DS@@QAEXPAUHWND__@@PAU_iobuf@@@Z 00413550 f   Import3DS.obj
 0001:00012680       ?ProcessPivots@C3DS@@QAEXPAUHWND__@@PAU_iobuf@@@Z 00413680 f   Import3DS.obj
 0001:00012770       ?ProcessRotationTrack@C3DS@@QAEXPAUHWND__@@PAU_iobuf@@@Z 00413770 f   Import3DS.obj
 0001:00012a20       ?ProcessPositionTrack@C3DS@@QAEXPAUHWND__@@PAU_iobuf@@@Z 00413a20 f   Import3DS.obj
 0001:00012c90       ?ProcessScaleTrack@C3DS@@QAEXPAUHWND__@@PAU_iobuf@@@Z 00413c90 f   Import3DS.obj
 0001:00012e70       ?ProcessNodeId@C3DS@@QAEXPAU_iobuf@@@Z 00413e70 f   Import3DS.obj
 0001:00012ee0       ?ProcessNodeHeader@C3DS@@QAEXPAU_iobuf@@@Z 00413ee0 f   Import3DS.obj
 0001:00013010       ?Process3DSVersion@C3DS@@QAEXPAU_iobuf@@@Z 00414010 f   Import3DS.obj
 0001:00013090       ?ProcessMasterScale@C3DS@@QAEXPAU_iobuf@@@Z 00414090 f   Import3DS.obj
 0001:00013100       ?ReleaseTempMemory@C3DS@@QAEXXZ 00414100 f   Import3DS.obj
 0001:00013130       ?PrintLogFile@C3DS@@QAEXPAU_iobuf@@PAD@Z 00414130 f   Import3DS.obj
 0001:000131a0       ?Write_pmdata_debugfile@C3DS@@QAEXPAUHWND__@@H@Z 004141a0 f   Import3DS.obj
 0001:00013550       ??0CMD2@@QAE@XZ            00414550 f   ImportMD2.obj
 0001:00013580       ?ImportMD2_GLCMD@CMD2@@QAEHPAUHWND__@@PADHHM@Z 00414580 f   ImportMD2.obj
 0001:00013f50       ?DisplayCredits@CMyD3DApplication@@QAEXPAUHWND__@@@Z 00414f50 f   info.obj
 0001:000146c0       ?DisplayControls@CMyD3DApplication@@QAEXPAUHWND__@@@Z 004156c0 f   info.obj
 0001:00014f10       ?DisplayRRStats@CMyD3DApplication@@QAEXPAUHWND__@@@Z 00415f10 f   info.obj
 0001:00015890       ?GetFramework@CD3DApplication@@QAEPAVCD3DFramework7@@XZ 00416890 f i info.obj
 0001:000158c0       ?DisplayLegalInfo@CMyD3DApplication@@QAEXPAUHWND__@@@Z 004168c0 f   info.obj
 0001:00015ba0       ?AppAbout@@YGHPAUHWND__@@IIJ@Z 00416ba0 f   info.obj
 0001:00015ce0       ??0CLoadWorld@@QAE@XZ      00416ce0 f   LoadWorld.obj
 0001:00015d10       ?LoadWorldMap@CLoadWorld@@QAEHPAUHWND__@@PAD@Z 00416d10 f   LoadWorld.obj
 0001:000166c0       ?CheckObjectId@CLoadWorld@@QAEHPAUHWND__@@PAD@Z 004176c0 f   LoadWorld.obj
 0001:00016790       ?InitPreCompiledWorldMap@CLoadWorld@@QAEHPAUHWND__@@PAD@Z 00417790 f   LoadWorld.obj
 0001:00016b00       ?LoadObjectData@CLoadWorld@@QAEHPAUHWND__@@PAD@Z 00417b00 f   LoadWorld.obj
 0001:000177a0       ?ReadObDataVertEx@CLoadWorld@@QAEHPAU_iobuf@@HHM@Z 004187a0 f   LoadWorld.obj
 0001:00017990       ?ReadObDataVert@CLoadWorld@@QAEHPAU_iobuf@@HHM@Z 00418990 f   LoadWorld.obj
 0001:00017ae0       ?LoadRRTextures@CLoadWorld@@QAEHPAUHWND__@@PAD@Z 00418ae0 f   LoadWorld.obj
 0001:000189f0       ?GetDevice@CD3DApplication@@QAEPAUIDirect3DDevice7@@XZ 004199f0 f i LoadWorld.obj
 0001:00018a20       ?LoadImportedModelList@CLoadWorld@@QAEHPAUHWND__@@PAD@Z 00419a20 f   LoadWorld.obj
 0001:00019940       ?LoadDebugAnimationSequenceList@CLoadWorld@@QAEXPAUHWND__@@PADH@Z 0041a940 f   LoadWorld.obj
 0001:00019c70       ?LoadPlayerAnimationSequenceList@CLoadWorld@@QAEXH@Z 0041ac70 f   LoadWorld.obj
 0001:00019f80       ?LoadYourGunAnimationSequenceList@CLoadWorld@@QAEXH@Z 0041af80 f   LoadWorld.obj
 0001:0001a1e0       ?LoadWaveFile@CMyD3DApplication@@QAEXPADH@Z 0041b1e0 f   playsound.obj
 0001:0001a260       ?OpenSoundFile@CMyD3DApplication@@QAEXPADH@Z 0041b260 f   playsound.obj
 0001:0001a2a0       ?PlaySoundA@CMyD3DApplication@@QAEJHH@Z 0041b2a0 f   playsound.obj
 0001:0001a370       ?InitDirectSound@CMyD3DApplication@@QAEJPAUHWND__@@@Z 0041b370 f   playsound.obj
 0001:0001a530       ?FreeDirectSound@CMyD3DApplication@@QAEJXZ 0041b530 f   playsound.obj
 0001:0001a640       ??_GCWaveSoundRead@@QAEPAXI@Z 0041b640 f i playsound.obj
 0001:0001a6a0       ?CreateStaticBuffer@CMyD3DApplication@@QAEJPAD@Z 0041b6a0 f   playsound.obj
 0001:0001a800       ?FillBuffer@CMyD3DApplication@@QAEJH@Z 0041b800 f   playsound.obj
 0001:0001a960       ?IsBufferPlaying@CMyD3DApplication@@QAEHH@Z 0041b960 f   playsound.obj
 0001:0001a9f0       ?PlayBuffer@CMyD3DApplication@@QAEJHH@Z 0041b9f0 f   playsound.obj
 0001:0001aaa0       ?StopBuffer@CMyD3DApplication@@QAEXHH@Z 0041baa0 f   playsound.obj
 0001:0001ab30       ?IsSoundPlaying@CMyD3DApplication@@QAEHH@Z 0041bb30 f   playsound.obj
 0001:0001abb0       ?SetFrequency@CMyD3DApplication@@QAEJHH@Z 0041bbb0 f   playsound.obj
 0001:0001ac40       ?RestoreBuffers@CMyD3DApplication@@QAEJXZ 0041bc40 f   playsound.obj
 0001:0001ad80       ?AboutProc@@YGHPAUHWND__@@IIJ@Z 0041bd80 f   RoadRage.obj
 0001:0001adf0       ??0CMyD3DApplication@@QAE@XZ 0041bdf0 f   RoadRage.obj
 0001:0001b210       ??0_D3DTLVERTEX@@QAE@XZ    0041c210 f i RoadRage.obj
 0001:0001b240       ??_H@YGXPAXIHP6EX0@Z@Z     0041c240 f i RoadRage.obj
 0001:0001b2a0       ?OutputText@CMyD3DApplication@@QAEXKKPAD@Z 0041c2a0 f   RoadRage.obj
 0001:0001b450       ?ShowStats@CMyD3DApplication@@QAEXXZ 0041c450 f   RoadRage.obj
 0001:0001b640       ?EnumJoysticksCallback@@YGHPBUDIDEVICEINSTANCEA@@PAX@Z 0041c640 f   RoadRage.obj
 0001:0001b690       ?InputDeviceSelectProc@@YGHPAUHWND__@@IIJ@Z 0041c690 f   RoadRage.obj
 0001:0001bb60       ??9@YAHABU_GUID@@0@Z       0041cb60 f i RoadRage.obj
 0001:0001bba0       ?DisplayError@@YAXPAD@Z    0041cba0 f   RoadRage.obj
 0001:0001bbf0       ?CreateDInput@CMyD3DApplication@@QAEJPAUHWND__@@@Z 0041cbf0 f   RoadRage.obj
 0001:0001bd00       ?DestroyDInput@CMyD3DApplication@@QAEXXZ 0041cd00 f   RoadRage.obj
 0001:0001bd60       ?CreateInputDevice@CMyD3DApplication@@QAEJPAUHWND__@@PAUIDirectInput7A@@PAUIDirectInputDevice2A@@U_GUID@@PBU_DIDATAFORMAT@@K@Z 0041cd60 f   RoadRage.obj
 0001:0001bea0       ?DestroyInputDevice@CMyD3DApplication@@QAEXXZ 0041cea0 f   RoadRage.obj
 0001:0001bf60       ?UpdateControls@CMyD3DApplication@@QAEXXZ 0041cf60 f   RoadRage.obj
 0001:0001cc90       ?GetBaseTime@CD3DApplication@@QAEKXZ 0041dc90 f i RoadRage.obj
 0001:0001ccc0       ?Cleanup3DEnvironment@CMyD3DApplication@@AAEXXZ 0041dcc0 f   RoadRage.obj
 0001:0001cd50       ?SetbReady@CD3DApplication@@QAEXH@Z 0041dd50 f i RoadRage.obj
 0001:0001cd80       ?SetbActive@CD3DApplication@@QAEXH@Z 0041dd80 f i RoadRage.obj
 0001:0001cdb0       ?DeleteFramework@CD3DApplication@@QAEXXZ 0041ddb0 f i RoadRage.obj
 0001:0001ce20       ?MsgProc@CMyD3DApplication@@UAEJPAUHWND__@@IIJ@Z 0041de20 f   RoadRage.obj
 0001:0001daf0       ?GetbActive@CD3DApplication@@QAEHXZ 0041eaf0 f i RoadRage.obj
 0001:0001db20       ?GetbReady@CD3DApplication@@QAEHXZ 0041eb20 f i RoadRage.obj
 0001:0001db50       ?AddPlayerLightSource@CMyD3DApplication@@QAEXHMMM@Z 0041eb50 f   RoadRage.obj
 0001:0001dd60       ??0_D3DLIGHT7@@QAE@XZ      0041ed60 f i RoadRage.obj
 0001:0001ddb0       ?PlayerToD3DVertList@CMyD3DApplication@@QAEXHHHHH@Z 0041edb0 f   RoadRage.obj
 0001:0001e280       ?PlayerToD3DIndexedVertList@CMyD3DApplication@@QAEXHHHHH@Z 0041f280 f   RoadRage.obj
 0001:0001e820       ?ObjectToD3DVertList@CMyD3DApplication@@QAEXHHH@Z 0041f820 f   RoadRage.obj
 0001:0001f110       ?Render3DEnvironment@CMyD3DApplication@@UAEJXZ 00420110 f   RoadRage.obj
 0001:0001f430       ?GetbFrameMoving@CD3DApplication@@QAEHXZ 00420430 f i RoadRage.obj
 0001:0001f460       ?GetSingleStep@CD3DApplication@@QAEHXZ 00420460 f i RoadRage.obj
 0001:0001f490       ?SetSingleStep@CD3DApplication@@QAEXH@Z 00420490 f i RoadRage.obj
 0001:0001f4c0       ?InitRRvariables@CMyD3DApplication@@QAEXXZ 004204c0 f   RoadRage.obj
 0001:0001fde0       ??0_D3DVERTEX@@QAE@XZ      00420de0 f i RoadRage.obj
 0001:0001fe10       ?LoadRR_Resources@CMyD3DApplication@@QAEHXZ 00420e10 f   RoadRage.obj
 0001:0001ff50       _WinMain@16                00420f50 f   RoadRage.obj
 0001:00020120       ?OneTimeSceneInit@CMyD3DApplication@@MAEJXZ 00421120 f   RoadRage.obj
 0001:00020270       ??0_D3DTLVERTEX@@QAE@ABU_D3DVECTOR@@MKKMM@Z 00421270 f i RoadRage.obj
 0001:000202f0       ?FrameMove@CMyD3DApplication@@MAEJM@Z 004212f0 f   RoadRage.obj
 0001:000208f0       ?RrBltCrossHair@CMyD3DApplication@@QAEHPAUIDirectDrawSurface7@@@Z 004218f0 f   RoadRage.obj
 0001:000209d0       ?GetBackBuffer@CD3DFramework7@@QAEPAUIDirectDrawSurface7@@XZ 004219d0 f i RoadRage.obj
 0001:00020a00       ?GetRenderWidth@CD3DFramework7@@QAEKXZ 00421a00 f i RoadRage.obj
 0001:00020a30       ?GetRenderHeight@CD3DFramework7@@QAEKXZ 00421a30 f i RoadRage.obj
 0001:00020a60       ?Render@CMyD3DApplication@@MAEJXZ 00421a60 f   RoadRage.obj
 0001:00022570       ?CheckValidTextureAlias@CMyD3DApplication@@QAEHPAUHWND__@@PAD@Z 00423570 f   RoadRage.obj
 0001:00022610       ?InitDeviceObjects@CMyD3DApplication@@MAEJXZ 00423610 f   RoadRage.obj
 0001:000229e0       ?FinalCleanup@CMyD3DApplication@@MAEJXZ 004239e0 f   RoadRage.obj
 0001:00022a10       ?DeleteDeviceObjects@CMyD3DApplication@@MAEJXZ 00423a10 f   RoadRage.obj
 0001:00022a50       ?PrintMessage@@YAXPAUHWND__@@PAD1H@Z 00423a50 f   RoadRage.obj
 0001:00022c20       ?PrintMemAllocated@@YAXHPAD@Z 00423c20 f   RoadRage.obj
 0001:00022d90       ?AnimateCharacters@CMyD3DApplication@@QAEJXZ 00423d90 f   RoadRage.obj
 0001:00023240       ?SetPlayerAnimationSequence@CMyD3DApplication@@QAEXHH@Z 00424240 f   RoadRage.obj
 0001:00023340       ?FireWeapon@@YGHIIKKK@Z    00424340 f   RoadRage.obj
 0001:00023520       ?DisplayScores@CMyD3DApplication@@QAEXXZ 00424520 f   RoadRage.obj
 0001:00023a90       ?ReadMMIO@@YAJPAUHMMIO__@@PAU_MMCKINFO@@PAPAUtWAVEFORMATEX@@@Z 00424a90 f   wavread.obj
 0001:00023cf0       ?WaveOpenFile@@YAJPADPAPAUHMMIO__@@PAPAUtWAVEFORMATEX@@PAU_MMCKINFO@@@Z 00424cf0 f   wavread.obj
 0001:00023d90       ?WaveStartDataRead@@YAJPAPAUHMMIO__@@PAU_MMCKINFO@@1@Z 00424d90 f   wavread.obj
 0001:00023e20       ?WaveReadFile@@YAJPAUHMMIO__@@IPAEPAU_MMCKINFO@@PAI@Z 00424e20 f   wavread.obj
 0001:00023f50       ??0CWaveSoundRead@@QAE@XZ  00424f50 f   wavread.obj
 0001:00023f80       ??1CWaveSoundRead@@QAE@XZ  00424f80 f   wavread.obj
 0001:00023fe0       ?Open@CWaveSoundRead@@QAEJPAD@Z 00424fe0 f   wavread.obj
 0001:00024080       ?Reset@CWaveSoundRead@@QAEJXZ 00425080 f   wavread.obj
 0001:000240d0       ?Read@CWaveSoundRead@@QAEJIPAEPAI@Z 004250d0 f   wavread.obj
 0001:00024130       ?Close@CWaveSoundRead@@QAEJXZ 00425130 f   wavread.obj
 0001:00024178       _DirectDrawEnumerateExA@12 00425178 f   ddraw:DDRAW.dll
 0001:0002417e       _DirectDrawCreateEx@16     0042517e f   ddraw:DDRAW.dll
 0001:000254c0       _DirectInputCreateEx@20    004264c0 f   dinput:DINPUT.dll
 0001:000254c6       _timeKillEvent@4           004264c6 f   winmm:WINMM.dll
 0001:000254cc       _timeSetEvent@20           004264cc f   winmm:WINMM.dll
 0001:000254d2       _timeGetTime@0             004264d2 f   winmm:WINMM.dll
 0001:000254d8       _mmioAscend@12             004264d8 f   winmm:WINMM.dll
 0001:000254de       _mmioRead@12               004264de f   winmm:WINMM.dll
 0001:000254e4       _mmioDescend@16            004264e4 f   winmm:WINMM.dll
 0001:000254ea       _mmioClose@8               004264ea f   winmm:WINMM.dll
 0001:000254f0       _mmioOpenA@12              004264f0 f   winmm:WINMM.dll
 0001:000254f6       _mmioSeek@12               004264f6 f   winmm:WINMM.dll
 0001:000254fc       _mmioSetInfo@12            004264fc f   winmm:WINMM.dll
 0001:00025502       _mmioAdvance@12            00426502 f   winmm:WINMM.dll
 0001:00025508       _mmioGetInfo@12            00426508 f   winmm:WINMM.dll
 0001:0002550e       _DirectSoundCreate@12      0042650e f   dsound:DSOUND.dll
 0001:00025514       _LocalFree@4               00426514 f   kernel32:KERNEL32.dll
 0001:0002551a       _FormatMessageA@28         0042651a f   kernel32:KERNEL32.dll
 0001:00025520       _GetLastError@0            00426520 f   kernel32:KERNEL32.dll
 0001:00025526       _lstrlenA@4                00426526 f   kernel32:KERNEL32.dll
 0001:0002552c       _lstrcatA@8                0042652c f   kernel32:KERNEL32.dll
 0001:00025532       _lstrcpyA@8                00426532 f   kernel32:KERNEL32.dll
 0001:00025538       _lstrcpynA@12              00426538 f   kernel32:KERNEL32.dll
 0001:0002553e       _GetModuleHandleA@4        0042653e f   kernel32:KERNEL32.dll
 0001:00025544       _lstrcmpiA@8               00426544 f   kernel32:KERNEL32.dll
 0001:0002554a       _OutputDebugStringA@4      0042654a f   kernel32:KERNEL32.dll
 0001:00025550       _GlobalFree@4              00426550 f   kernel32:KERNEL32.dll
 0001:00025556       _GlobalUnlock@4            00426556 f   kernel32:KERNEL32.dll
 0001:0002555c       _GlobalHandle@4            0042655c f   kernel32:KERNEL32.dll
 0001:00025562       _GlobalLock@4              00426562 f   kernel32:KERNEL32.dll
 0001:00025568       _GlobalAlloc@8             00426568 f   kernel32:KERNEL32.dll
 0001:0002556e       _GlobalMemoryStatus@4      0042656e f   kernel32:KERNEL32.dll
 0001:00025574       _Sleep@4                   00426574 f   kernel32:KERNEL32.dll
 0001:0002557a       _CreateEventA@16           0042657a f   kernel32:KERNEL32.dll
 0001:00025580       _UpdateWindow@4            00426580 f   user32:USER32.dll
 0001:00025586       _MessageBoxA@16            00426586 f   user32:USER32.dll
 0001:0002558c       _CreateWindowExA@48        0042658c f   user32:USER32.dll
 0001:00025592       _LoadMenuA@8               00426592 f   user32:USER32.dll
 0001:00025598       _RegisterClassA@4          00426598 f   user32:USER32.dll
 0001:0002559e       _LoadCursorA@8             0042659e f   user32:USER32.dll
 0001:000255a4       _LoadIconA@8               004265a4 f   user32:USER32.dll
 0001:000255aa       _DestroyWindow@4           004265aa f   user32:USER32.dll
 0001:000255b0       _DispatchMessageA@4        004265b0 f   user32:USER32.dll
 0001:000255b6       _TranslateMessage@4        004265b6 f   user32:USER32.dll
 0001:000255bc       _TranslateAcceleratorA@12  004265bc f   user32:USER32.dll
 0001:000255c2       _GetMessageA@16            004265c2 f   user32:USER32.dll
 0001:000255c8       _PeekMessageA@20           004265c8 f   user32:USER32.dll
 0001:000255ce       _LoadAcceleratorsA@8       004265ce f   user32:USER32.dll
 0001:000255d4       _DefWindowProcA@16         004265d4 f   user32:USER32.dll
 0001:000255da       _PostQuitMessage@4         004265da f   user32:USER32.dll
 0001:000255e0       _SendMessageA@16           004265e0 f   user32:USER32.dll
 0001:000255e6       _DialogBoxParamA@20        004265e6 f   user32:USER32.dll
 0001:000255ec       _GetWindowLongA@8          004265ec f   user32:USER32.dll
 0001:000255f2       _TrackPopupMenuEx@24       004265f2 f   user32:USER32.dll
 0001:000255f8       _GetSubMenu@8              004265f8 f   user32:USER32.dll
 0001:000255fe       _SetCursor@4               004265fe f   user32:USER32.dll
 0001:00025604       _EndDialog@8               00426604 f   user32:USER32.dll
 0001:0002560a       _GetWindowRect@8           0042660a f   user32:USER32.dll
 0001:00025610       _SetWindowPos@28           00426610 f   user32:USER32.dll
 0001:00025616       _SetWindowLongA@12         00426616 f   user32:USER32.dll
 0001:0002561c       _GetForegroundWindow@0     0042661c f   user32:USER32.dll
 0001:00025622       _GetDlgItem@8              00426622 f   user32:USER32.dll
 0001:00025628       _wsprintfA                 00426628 f   user32:USER32.dll
 0001:0002562e       _EnableWindow@8            0042662e f   user32:USER32.dll
 0001:00025634       _SetRect@20                00426634 f   user32:USER32.dll
 0001:0002563a       _ClientToScreen@8          0042663a f   user32:USER32.dll
 0001:00025640       _GetClientRect@8           00426640 f   user32:USER32.dll
 0001:00025646       _RedrawWindow@16           00426646 f   user32:USER32.dll
 0001:0002564c       _DrawMenuBar@4             0042664c f   user32:USER32.dll
 0001:00025652       _LoadImageA@24             00426652 f   user32:USER32.dll
 0001:00025658       _SetWindowTextA@8          00426658 f   user32:USER32.dll
 0001:0002565e       _SetDlgItemTextA@12        0042665e f   user32:USER32.dll
 0001:00025664       _SetFocus@4                00426664 f   user32:USER32.dll
 0001:0002566a       _GetDlgItemTextA@16        0042666a f   user32:USER32.dll
 0001:00025670       _SetTimer@16               00426670 f   user32:USER32.dll
 0001:00025676       _KillTimer@8               00426676 f   user32:USER32.dll
 0001:0002567c       _InvalidateRect@12         0042667c f   user32:USER32.dll
 0001:00025682       _CheckDlgButton@12         00426682 f   user32:USER32.dll
 0001:00025688       _IsDlgButtonChecked@8      00426688 f   user32:USER32.dll
 0001:0002568e       _ReleaseDC@8               0042668e f   user32:USER32.dll
 0001:00025694       _GetSysColorBrush@4        00426694 f   user32:USER32.dll
 0001:0002569a       _GetDC@4                   0042669a f   user32:USER32.dll
 0001:000256a0       _GetParent@4               004266a0 f   user32:USER32.dll
 0001:000256a6       _CheckMenuItem@12          004266a6 f   user32:USER32.dll
 0001:000256ac       _GetMenu@4                 004266ac f   user32:USER32.dll
 0001:000256b2       _GetStockObject@4          004266b2 f   gdi32:GDI32.dll
 0001:000256b8       _ExtTextOutA@32            004266b8 f   gdi32:GDI32.dll
 0001:000256be       _SetBkMode@8               004266be f   gdi32:GDI32.dll
 0001:000256c4       _SetTextColor@8            004266c4 f   gdi32:GDI32.dll
 0001:000256ca       _DeleteObject@4            004266ca f   gdi32:GDI32.dll
 0001:000256d0       _DeleteDC@4                004266d0 f   gdi32:GDI32.dll
 0001:000256d6       _BitBlt@36                 004266d6 f   gdi32:GDI32.dll
 0001:000256dc       _GetDIBColorTable@16       004266dc f   gdi32:GDI32.dll
 0001:000256e2       _SelectObject@8            004266e2 f   gdi32:GDI32.dll
 0001:000256e8       _CreateCompatibleDC@4      004266e8 f   gdi32:GDI32.dll
 0001:000256ee       _GetObjectA@12             004266ee f   gdi32:GDI32.dll
 0001:000256f4       _TextOutA@20               004266f4 f   gdi32:GDI32.dll
 0001:000256fa       _Rectangle@20              004266fa f   gdi32:GDI32.dll
 0001:00025700       _SetBkColor@8              00426700 f   gdi32:GDI32.dll
 0001:00025706       _RegCloseKey@4             00426706 f   advapi32:ADVAPI32.dll
 0001:0002570c       _RegQueryValueExA@24       0042670c f   advapi32:ADVAPI32.dll
 0001:00025712       _RegOpenKeyExA@20          00426712 f   advapi32:ADVAPI32.dll
 0001:00025718       _RegCreateKeyExA@36        00426718 f   advapi32:ADVAPI32.dll
 0001:0002571e       _RegSetValueExA@24         0042671e f   advapi32:ADVAPI32.dll
 0001:00025724       _CoCreateInstance@20       00426724 f   ole32:ole32.dll
 0001:0002572a       _CoInitialize@4            0042672a f   ole32:ole32.dll
 0001:00025730       _CoUninitialize@0          00426730 f   ole32:ole32.dll
 0001:00025740       _abs                       00426740 f   LIBCD:abs.obj
 0001:00025770       __CItan                    00426770 f   LIBCD:tan.obj
 0001:00025784       _tan                       00426784 f   LIBCD:tan.obj
 0001:00025830       __CIsqrt                   00426830 f   LIBCD:sqrt.obj
 0001:00025844       _sqrt                      00426844 f   LIBCD:sqrt.obj
 0001:000258f0       __CIatan                   004268f0 f   LIBCD:atan.obj
 0001:00025904       _atan                      00426904 f   LIBCD:atan.obj
 0001:00025990       __fpmath                   00426990 f   LIBCD:fpinit.obj
 0001:000259c0       __fpclear                  004269c0 f   LIBCD:fpinit.obj
 0001:000259d0       __cfltcvt_init             004269d0 f   LIBCD:fpinit.obj
 0001:00025a20       ___setfflag                00426a20 f   LIBCD:fpinit.obj
 0001:00025a40       __chkesp                   00426a40 f   LIBCD:chkesp.obj
 0001:00025a78       __ftol                     00426a78 f   LIBCD:ftol.obj
 0001:00025aa0       _strcpy                    00426aa0 f   LIBCD:strcat.obj
 0001:00025ab0       _strcat                    00426ab0 f   LIBCD:strcat.obj
 0001:00025b90       __CIcos                    00426b90 f   LIBCD:cos.obj
 0001:00025ba4       _cos                       00426ba4 f   LIBCD:cos.obj
 0001:00025c40       __CIsin                    00426c40 f   LIBCD:sin.obj
 0001:00025c54       _sin                       00426c54 f   LIBCD:sin.obj
 0001:00025cf0       ??3@YAXPAX@Z               00426cf0 f   LIBCD:dbgdel.obj
 0001:00025d80       ??2@YAPAXI@Z               00426d80 f   LIBCD:new.obj
 0001:00025da0       ?_JumpToContinuation@@YGXPAXPAUEHRegistrationNode@@@Z 00426da0 f   LIBCD:trnsctrl.obj
 0001:00025de0       ?_CallMemberFunction0@@YGXPAX0@Z 00426de0 f   LIBCD:trnsctrl.obj
 0001:00025df0       ?_CallMemberFunction1@@YGXPAX00@Z 00426df0 f   LIBCD:trnsctrl.obj
 0001:00025e00       ?_CallMemberFunction2@@YGXPAX00H@Z 00426e00 f   LIBCD:trnsctrl.obj
 0001:00025e10       ?_UnwindNestedFrames@@YGXPAUEHRegistrationNode@@PAUEHExceptionRecord@@@Z 00426e10 f   LIBCD:trnsctrl.obj
 0001:00025e70       ___CxxFrameHandler         00426e70 f   LIBCD:trnsctrl.obj
 0001:00025eb0       ___CxxLongjmpUnwind@4      00426eb0 f   LIBCD:trnsctrl.obj
 0001:00025ee0       ?_CallCatchBlock2@@YAPAXPAUEHRegistrationNode@@PBU_s_FuncInfo@@PAXHK@Z 00426ee0 f   LIBCD:trnsctrl.obj
 0001:00025f90       ?_CallSETranslator@@YAHPAUEHExceptionRecord@@PAUEHRegistrationNode@@PAX2PBU_s_FuncInfo@@H1@Z 00426f90 f   LIBCD:trnsctrl.obj
 0001:000260f0       ?_GetRangeOfTrysToCheck@@YAPBU_s_TryBlockMapEntry@@PBU_s_FuncInfo@@HHPAI1@Z 004270f0 f   LIBCD:trnsctrl.obj
 0001:00026180       __global_unwind2           00427180 f   LIBCD:exsup.obj
 0001:000261c2       __local_unwind2            004271c2 f   LIBCD:exsup.obj
 0001:0002621a       __NLG_Return2              0042721a f   LIBCD:exsup.obj
 0001:0002622a       __abnormal_termination     0042722a f   LIBCD:exsup.obj
 0001:0002624d       __NLG_Notify1              0042724d f   LIBCD:exsup.obj
 0001:00026256       __NLG_Notify               00427256 f   LIBCD:exsup.obj
 0001:00026269       __NLG_Dispatch             00427269 f   LIBCD:exsup.obj
 0001:00026270       _sprintf                   00427270 f   LIBCD:sprintf.obj
 0001:00026370       _qsort                     00427370 f   LIBCD:qsort.obj
 0001:00026670       _memset                    00427670 f   LIBCD:memset.obj
 0001:000266d0       _memcpy                    004276d0 f   LIBCD:memcpy.obj
 0001:00026a10       _memcmp                    00427a10 f   LIBCD:memcmp.obj
 0001:00026ac0       _fclose                    00427ac0 f   LIBCD:fclose.obj
 0001:00026ba0       _fprintf                   00427ba0 f   LIBCD:fprintf.obj
 0001:00026c50       __fsopen                   00427c50 f   LIBCD:fopen.obj
 0001:00026d40       _fopen                     00427d40 f   LIBCD:fopen.obj
 0001:00026d60       _fabs                      00427d60 f   LIBCD:fabs.obj
 0001:00026e60       __CIacos                   00427e60 f   LIBCD:acos.obj
 0001:00026e74       _acos                      00427e74 f   LIBCD:acos.obj
 0001:00026f30       __onexit                   00427f30 f   LIBCD:onexit.obj
 0001:00026fe0       _atexit                    00427fe0 f   LIBCD:onexit.obj
 0001:00027000       ___onexitinit              00428000 f   LIBCD:onexit.obj
 0001:00027050       __mbsrchr                  00428050 f   LIBCD:mbsrchr.obj
 0001:00027110       __filbuf                   00428110 f   LIBCD:_filbuf.obj
 0001:000272f0       _fseek                     004282f0 f   LIBCD:fseek.obj
 0001:00027420       _fread                     00428420 f   LIBCD:fread.obj
 0001:000275f0       _strlen                    004285f0 f   LIBCD:strlen.obj
 0001:00027670       __chkstk                   00428670 f   LIBCD:chkstk.obj
 0001:00027670       __alloca_probe             00428670 f   LIBCD:chkstk.obj
 0001:000276a0       _atol                      004286a0 f   LIBCD:atox.obj
 0001:000277a0       _atoi                      004287a0 f   LIBCD:atox.obj
 0001:000277c0       __atoi64                   004287c0 f   LIBCD:atox.obj
 0001:000278f0       _atof                      004288f0 f   LIBCD:atof.obj
 0001:00027970       _strcmp                    00428970 f   LIBCD:strcmp.obj
 0001:00027a00       _fscanf                    00428a00 f   LIBCD:fscanf.obj
 0001:00027a90       __cinit                    00428a90 f   LIBCD:crt0dat.obj
 0001:00027ad0       _exit                      00428ad0 f   LIBCD:crt0dat.obj
 0001:00027af0       __exit                     00428af0 f   LIBCD:crt0dat.obj
 0001:00027b10       __cexit                    00428b10 f   LIBCD:crt0dat.obj
 0001:00027b30       __c_exit                   00428b30 f   LIBCD:crt0dat.obj
 0001:00027c60       _WinMainCRTStartup         00428c60 f   LIBCD:wincrt0.obj
 0001:00027dc0       __amsg_exit                00428dc0 f   LIBCD:wincrt0.obj
 0001:00027e20       __trandisp1                00428e20 f   LIBCD:87disp.obj
 0001:00027e87       __trandisp2                00428e87 f   LIBCD:87disp.obj
 0001:00027f13       __rttospopde               00428f13 f   LIBCD:87disp.obj
 0001:00027f18       __rttospop                 00428f18 f   LIBCD:87disp.obj
 0001:00027f1a       __rtnospop                 00428f1a f   LIBCD:87disp.obj
 0001:00027f1c       __rttosnpop                00428f1c f   LIBCD:87disp.obj
 0001:00027f1d       __rtnospopde               00428f1d f   LIBCD:87disp.obj
 0001:00027f24       __rtzeropop                00428f24 f   LIBCD:87disp.obj
 0001:00027f26       __rtzeronpop               00428f26 f   LIBCD:87disp.obj
 0001:00027f2b       __rtonepop                 00428f2b f   LIBCD:87disp.obj
 0001:00027f2d       __rtonenpop                00428f2d f   LIBCD:87disp.obj
 0001:00027f32       __tosnan1                  00428f32 f   LIBCD:87disp.obj
 0001:00027f5d       __nosnan2                  00428f5d f   LIBCD:87disp.obj
 0001:00027f5f       __tosnan2                  00428f5f f   LIBCD:87disp.obj
 0001:00027f87       __nan2                     00428f87 f   LIBCD:87disp.obj
 0001:00027fc6       __rtindfpop                00428fc6 f   LIBCD:87disp.obj
 0001:00027fc8       __rtindfnpop               00428fc8 f   LIBCD:87disp.obj
 0001:00027fd9       __rttosnpopde              00428fd9 f   LIBCD:87disp.obj
 0001:00027fe3       __rtchsifneg               00428fe3 f   LIBCD:87disp.obj
 0001:00027ff0       __twoToTOS                 00428ff0 f   LIBCD:common.obj
 0001:00028005       __load_CW                  00429005 f   LIBCD:common.obj
 0001:0002801c       __convertTOStoQNaN         0042901c f   LIBCD:common.obj
 0001:00028035       __fload_withFB             00429035 f   LIBCD:common.obj
 0001:00028078       __checkTOS_withFB          00429078 f   LIBCD:common.obj
 0001:0002808e       __fast_exit                0042908e f   LIBCD:common.obj
 0001:0002809b       __math_exit                0042909b f   LIBCD:common.obj
 0001:000280c5       __check_overflow_exit      004290c5 f   LIBCD:common.obj
 0001:000280d9       __check_range_exit         004290d9 f   LIBCD:common.obj
 0001:00028180       __startTwoArgErrorHandling 00429180 f   LIBCD:genexcep.obj
 0001:00028197       __startOneArgErrorHandling 00429197 f   LIBCD:genexcep.obj
 0001:000281e0       __setdefaultprecision      004291e0 f   LIBCD:fp8.obj
 0001:00028200       __ms_p5_test_fdiv          00429200 f   LIBCD:testfdiv.obj
 0001:00028260       __ms_p5_mp_test_fdiv       00429260 f   LIBCD:testfdiv.obj
 0001:000282b0       __forcdecpt                004292b0 f   LIBCD:cvt.obj
 0001:00028360       __cropzeros                00429360 f   LIBCD:cvt.obj
 0001:00028440       __positive                 00429440 f   LIBCD:cvt.obj
 0001:00028470       __fassign                  00429470 f   LIBCD:cvt.obj
 0001:000284c0       __cftoe                    004294c0 f   LIBCD:cvt.obj
 0001:00028680       __cftof                    00429680 f   LIBCD:cvt.obj
 0001:00028810       __cftog                    00429810 f   LIBCD:cvt.obj
 0001:00028980       __cfltcvt                  00429980 f   LIBCD:cvt.obj
 0001:00028a10       __CrtDbgBreak              00429a10 f   LIBCD:dbgrpt.obj
 0001:00028a20       __CrtSetReportMode         00429a20 f   LIBCD:dbgrpt.obj
 0001:00028a80       __CrtSetReportFile         00429a80 f   LIBCD:dbgrpt.obj
 0001:00028b00       __CrtSetReportHook         00429b00 f   LIBCD:dbgrpt.obj
 0001:00028b20       __CrtDbgReport             00429b20 f   LIBCD:dbgrpt.obj
 0001:000291c0       _malloc                    0042a1c0 f   LIBCD:dbgheap.obj
 0001:000291e0       __malloc_dbg               0042a1e0 f   LIBCD:dbgheap.obj
 0001:00029210       __nh_malloc                0042a210 f   LIBCD:dbgheap.obj
 0001:00029230       __nh_malloc_dbg            0042a230 f   LIBCD:dbgheap.obj
 0001:00029280       __heap_alloc               0042a280 f   LIBCD:dbgheap.obj
 0001:000292a0       __heap_alloc_dbg           0042a2a0 f   LIBCD:dbgheap.obj
 0001:000295c0       _calloc                    0042a5c0 f   LIBCD:dbgheap.obj
 0001:000295e0       __calloc_dbg               0042a5e0 f   LIBCD:dbgheap.obj
 0001:00029640       _realloc                   0042a640 f   LIBCD:dbgheap.obj
 0001:00029660       __realloc_dbg              0042a660 f   LIBCD:dbgheap.obj
 0001:00029bb0       __expand                   0042abb0 f   LIBCD:dbgheap.obj
 0001:00029bd0       __expand_dbg               0042abd0 f   LIBCD:dbgheap.obj
 0001:00029c00       _free                      0042ac00 f   LIBCD:dbgheap.obj
 0001:00029c20       __free_dbg                 0042ac20 f   LIBCD:dbgheap.obj
 0001:0002a010       __msize                    0042b010 f   LIBCD:dbgheap.obj
 0001:0002a030       __msize_dbg                0042b030 f   LIBCD:dbgheap.obj
 0001:0002a180       __CrtSetBreakAlloc         0042b180 f   LIBCD:dbgheap.obj
 0001:0002a1a0       __CrtSetDbgBlockType       0042b1a0 f   LIBCD:dbgheap.obj
 0001:0002a230       __CrtSetAllocHook          0042b230 f   LIBCD:dbgheap.obj
 0001:0002a2e0       __CrtCheckMemory           0042b2e0 f   LIBCD:dbgheap.obj
 0001:0002a640       __CrtSetDbgFlag            0042b640 f   LIBCD:dbgheap.obj
 0001:0002a670       __CrtDoForAllClientObjects 0042b670 f   LIBCD:dbgheap.obj
 0001:0002a6d0       __CrtIsValidPointer        0042b6d0 f   LIBCD:dbgheap.obj
 0001:0002a720       __CrtIsValidHeapPointer    0042b720 f   LIBCD:dbgheap.obj
 0001:0002a7b0       __CrtIsMemoryBlock         0042b7b0 f   LIBCD:dbgheap.obj
 0001:0002a880       __CrtSetDumpClient         0042b880 f   LIBCD:dbgheap.obj
 0001:0002a8a0       __CrtMemCheckpoint         0042b8a0 f   LIBCD:dbgheap.obj
 0001:0002aa00       __CrtMemDifference         0042ba00 f   LIBCD:dbgheap.obj
 0001:0002ab30       __CrtMemDumpAllObjectsSince 0042bb30 f   LIBCD:dbgheap.obj
 0001:0002af00       __CrtDumpMemoryLeaks       0042bf00 f   LIBCD:dbgheap.obj
 0001:0002af80       __CrtMemDumpStatistics     0042bf80 f   LIBCD:dbgheap.obj
 0001:0002b050       ___InternalCxxFrameHandler 0042c050 f   LIBCD:frame.obj
 0001:0002b5c0       ___FrameUnwindToState      0042c5c0 f   LIBCD:frame.obj
 0001:0002bbd0       ?_DestructExceptionObject@@YAXPAUEHExceptionRecord@@E@Z 0042cbd0 f   LIBCD:frame.obj
 0001:0002bcb0       __CallSettingFrame@12      0042ccb0 f   LIBCD:lowhelpr.obj
 0001:0002bcd7       __NLG_Return               0042ccd7 f   LIBCD:lowhelpr.obj
 0001:0002bd00       ?terminate@@YAXXZ          0042cd00 f   LIBCD:hooks.obj
 0001:0002bd90       ?unexpected@@YAXXZ         0042cd90 f   LIBCD:hooks.obj
 0001:0002bdb0       ?_inconsistency@@YAXXZ     0042cdb0 f   LIBCD:hooks.obj
 0001:0002be40       __flsbuf                   0042ce40 f   LIBCD:_flsbuf.obj
 0001:0002c0c0       __output                   0042d0c0 f   LIBCD:output.obj
 0001:0002cf60       __close                    0042df60 f   LIBCD:close.obj
 0001:0002d050       __freebuf                  0042e050 f   LIBCD:_freebuf.obj
 0001:0002d0f0       _fflush                    0042e0f0 f   LIBCD:fflush.obj
 0001:0002d150       __flush                    0042e150 f   LIBCD:fflush.obj
 0001:0002d210       __flushall                 0042e210 f   LIBCD:fflush.obj
 0001:0002d300       __stbuf                    0042e300 f   LIBCD:_sftbuf.obj
 0001:0002d460       __ftbuf                    0042e460 f   LIBCD:_sftbuf.obj
 0001:0002d520       __openfile                 0042e520 f   LIBCD:_open.obj
 0001:0002d8b0       __getstream                0042e8b0 f   LIBCD:stream.obj
 0001:0002d9a0       __handle_qnan1             0042e9a0 f   LIBCD:fpexcept.obj
 0001:0002da00       __handle_qnan2             0042ea00 f   LIBCD:fpexcept.obj
 0001:0002da70       __except1                  0042ea70 f   LIBCD:fpexcept.obj
 0001:0002db30       __except2                  0042eb30 f   LIBCD:fpexcept.obj
 0001:0002dc00       __raise_exc                0042ec00 f   LIBCD:fpexcept.obj
 0001:0002e0d0       __handle_exc               0042f0d0 f   LIBCD:fpexcept.obj
 0001:0002e450       __umatherr                 0042f450 f   LIBCD:fpexcept.obj
 0001:0002e4f0       __set_errno                0042f4f0 f   LIBCD:fpexcept.obj
 0001:0002e570       __errcode                  0042f570 f   LIBCD:fpexcept.obj
 0001:0002e5f0       __set_exp                  0042f5f0 f   LIBCD:util.obj
 0001:0002e630       __get_exp                  0042f630 f   LIBCD:util.obj
 0001:0002e660       __add_exp                  0042f660 f   LIBCD:util.obj
 0001:0002e6a0       __set_bexp                 0042f6a0 f   LIBCD:util.obj
 0001:0002e6e0       __sptype                   0042f6e0 f   LIBCD:util.obj
 0001:0002e760       __decomp                   0042f760 f   LIBCD:util.obj
 0001:0002e8a0       __statfp                   0042f8a0 f   LIBCD:fpctrl.obj
 0001:0002e8c0       __clrfp                    0042f8c0 f   LIBCD:fpctrl.obj
 0001:0002e8e0       __ctrlfp                   0042f8e0 f   LIBCD:fpctrl.obj
 0001:0002e920       __set_statfp               0042f920 f   LIBCD:fpctrl.obj
 0001:0002e9a0       __setmbcp                  0042f9a0 f   LIBCD:mbctype.obj
 0001:0002f110       __getmbcp                  00430110 f   LIBCD:mbctype.obj
 0001:0002f130       ___initmbctable            00430130 f   LIBCD:mbctype.obj
 0001:0002f160       _strrchr                   00430160 f   LIBCD:strrchr.obj
 0001:0002f190       __ioinit                   00430190 f   LIBCD:ioinit.obj
 0001:0002f4a0       __ioterm                   004304a0 f   LIBCD:ioinit.obj
 0001:0002f500       __read                     00430500 f   LIBCD:read.obj
 0001:0002f960       __getbuf                   00430960 f   LIBCD:_getbuf.obj
 0001:0002fa30       __lseek                    00430a30 f   LIBCD:lseek.obj
 0001:0002fb20       _ftell                     00430b20 f   LIBCD:ftell.obj
 0001:0002fdb0       __isctype                  00430db0 f   LIBCD:isctype.obj
 0001:0002fe70       __allmul                   00430e70 f   LIBCD:llmul.obj
 0001:0002feb0       __fltin                    00430eb0 f   LIBCD:cfin.obj
 0001:0002ff80       __input                    00430f80 f   LIBCD:input.obj
 0001:00031480       __XcptFilter               00432480 f   LIBCD:winxfltr.obj
 0001:00031690       __wincmdln                 00432690 f   LIBCD:wincmdln.obj
 0001:00031750       __setenvp                  00432750 f   LIBCD:stdenvp.obj
 0001:000318a0       __setargv                  004328a0 f   LIBCD:stdargv.obj
 0001:00031db0       ___crtGetEnvironmentStringsA 00432db0 f   LIBCD:a_env.obj
 0001:00031fd0       __heap_init                00432fd0 f   LIBCD:heapinit.obj
 0001:00032020       __heap_term                00433020 f   LIBCD:heapinit.obj
 0001:000320c4       __except_handler3          004330c4 f   LIBCD:exsup3.obj
 0001:00032181       __seh_longjmp_unwind@4     00433181 f   LIBCD:exsup3.obj
 0001:000321a0       __FF_MSGBANNER             004331a0 f   LIBCD:crt0msg.obj
 0001:000321f0       __NMSG_WRITE               004331f0 f   LIBCD:crt0msg.obj
 0001:000323b0       __GET_RTERRMSG             004333b0 f   LIBCD:crt0msg.obj
 0001:00032400       __87except                 00433400 f   LIBCD:87except.obj
 0001:00032580       __statusfp                 00433580 f   LIBCD:ieee87.obj
 0001:000325a0       __clearfp                  004335a0 f   LIBCD:ieee87.obj
 0001:000325c0       __control87                004335c0 f   LIBCD:ieee87.obj
 0001:00032610       __controlfp                00433610 f   LIBCD:ieee87.obj
 0001:00032630       __fpreset                  00433630 f   LIBCD:ieee87.obj
 0001:00032a20       __tolower                  00433a20 f   LIBCD:tolower.obj
 0001:00032a30       _tolower                   00433a30 f   LIBCD:tolower.obj
 0001:00032b60       __ZeroTail                 00433b60 f   LIBCD:intrncvt.obj
 0001:00032bf0       __IncMan                   00433bf0 f   LIBCD:intrncvt.obj
 0001:00032ca0       __RoundMan                 00433ca0 f   LIBCD:intrncvt.obj
 0001:00032d80       __CopyMan                  00433d80 f   LIBCD:intrncvt.obj
 0001:00032dd0       __FillZeroMan              00433dd0 f   LIBCD:intrncvt.obj
 0001:00032e00       __IsZeroMan                00433e00 f   LIBCD:intrncvt.obj
 0001:00032e40       __ShrMan                   00433e40 f   LIBCD:intrncvt.obj
 0001:00032f30       __ld12cvt                  00433f30 f   LIBCD:intrncvt.obj
 0001:00033180       __ld12tod                  00434180 f   LIBCD:intrncvt.obj
 0001:000331a0       __ld12tof                  004341a0 f   LIBCD:intrncvt.obj
 0001:000331c0       __ld12told                 004341c0 f   LIBCD:intrncvt.obj
 0001:00033280       __atodbl                   00434280 f   LIBCD:intrncvt.obj
 0001:000332c0       __atoldbl                  004342c0 f   LIBCD:intrncvt.obj
 0001:00033300       __atoflt                   00434300 f   LIBCD:intrncvt.obj
 0001:00033340       __fptostr                  00434340 f   LIBCD:_fptostr.obj
 0001:00033440       __fltout                   00434440 f   LIBCD:cfout.obj
 0001:000334c0       ___dtold                   004344c0 f   LIBCD:cfout.obj
 0001:00033630       _memmove                   00434630 f   LIBCD:memmove.obj
 0001:00033970       __fptrap                   00434970 f   LIBCD:crt0fp.obj
 0001:00033980       __itoa                     00434980 f   LIBCD:xtoa.obj
 0001:00033980       _itoa                      00434980 f   LIBCD:xtoa.obj
 0001:00033aa0       __ltoa                     00434aa0 f   LIBCD:xtoa.obj
 0001:00033ae0       __ultoa                    00434ae0 f   LIBCD:xtoa.obj
 0001:00033b00       __i64toa                   00434b00 f   LIBCD:xtoa.obj
 0001:00033c50       __ui64toa                  00434c50 f   LIBCD:xtoa.obj
 0001:00033c70       __snprintf                 00434c70 f   LIBCD:snprintf.obj
 0001:00033d70       __vsnprintf                00434d70 f   LIBCD:vsnprint.obj
 0001:00033e70       _signal                    00434e70 f   LIBCD:winsig.obj
 0001:00034080       _raise                     00435080 f   LIBCD:winsig.obj
 0001:000342a0       ___crtMessageBoxA          004352a0 f   LIBCD:crtmbox.obj
 0001:00034360       _strncpy                   00435360 f   LIBCD:strncpy.obj
 0001:00034460       ?_set_new_handler@@YAP6AHI@ZP6AHI@Z@Z 00435460 f   LIBCD:handler.obj
 0001:00034480       ?_query_new_handler@@YAP6AHI@ZXZ 00435480 f   LIBCD:handler.obj
 0001:00034490       __callnewh                 00435490 f   LIBCD:handler.obj
 0001:000344c0       __malloc_base              004354c0 f   LIBCD:malloc.obj
 0001:000344e0       __nh_malloc_base           004354e0 f   LIBCD:malloc.obj
 0001:00034540       __heap_alloc_base          00435540 f   LIBCD:malloc.obj
 0001:000345a0       __CrtDefaultAllocHook      004355a0 f   LIBCD:dbghook.obj
 0001:000345b0       __expand_base              004355b0 f   LIBCD:expand.obj
 0001:00034640       __realloc_base             00435640 f   LIBCD:realloc.obj
 0001:00034810       __free_base                00435810 f   LIBCD:free.obj
 0001:00034860       __heapchk                  00435860 f   LIBCD:heapchk.obj
 0001:000348c0       __heapset                  004358c0 f   LIBCD:heapchk.obj
 0001:000348d0       __get_sbh_threshold        004358d0 f   LIBCD:sbheap.obj
 0001:000348e0       __set_sbh_threshold        004358e0 f   LIBCD:sbheap.obj
 0001:00034900       ___sbh_heap_init           00435900 f   LIBCD:sbheap.obj
 0001:00034960       ___sbh_find_block          00435960 f   LIBCD:sbheap.obj
 0001:000349c0       ___sbh_verify_block        004359c0 f   LIBCD:sbheap.obj
 0001:00034a20       ___sbh_free_block          00435a20 f   LIBCD:sbheap.obj
 0001:00034ff0       ___sbh_alloc_block         00435ff0 f   LIBCD:sbheap.obj
 0001:00035530       ___sbh_alloc_new_region    00436530 f   LIBCD:sbheap.obj
 0001:00035640       ___sbh_alloc_new_group     00436640 f   LIBCD:sbheap.obj
 0001:00035830       ___sbh_resize_block        00436830 f   LIBCD:sbheap.obj
 0001:00035e20       ___sbh_heapmin             00436e20 f   LIBCD:sbheap.obj
 0001:00035f50       ___sbh_heap_check          00436f50 f   LIBCD:sbheap.obj
 0001:00036570       ?__CxxUnhandledExceptionFilter@@YGJPAU_EXCEPTION_POINTERS@@@Z 00437570 f   LIBCD:unhandld.obj
 0001:000365d0       ?__CxxSetUnhandledExceptionFilter@@YAXXZ 004375d0 f   LIBCD:unhandld.obj
 0001:000365f0       ?__CxxRestoreUnhandledExceptionFilter@@YAXXZ 004375f0 f   LIBCD:unhandld.obj
 0001:00036610       ?_ValidateRead@@YAHPBXI@Z  00437610 f   LIBCD:validate.obj
 0001:00036640       ?_ValidateWrite@@YAHPAXI@Z 00437640 f   LIBCD:validate.obj
 0001:00036670       ?_ValidateExecute@@YAHP6GHXZ@Z 00437670 f   LIBCD:validate.obj
 0001:000366a0       _abort                     004376a0 f   LIBCD:abort.obj
 0001:000366c0       __write                    004376c0 f   LIBCD:write.obj
 0001:00036970       __isatty                   00437970 f   LIBCD:isatty.obj
 0001:000369a0       ___initstdio               004379a0 f   LIBCD:_file.obj
 0001:00036ad0       ___endstdio                00437ad0 f   LIBCD:_file.obj
 0001:00036af0       _wctomb                    00437af0 f   LIBCD:wctomb.obj
 0001:00036b90       __aulldiv                  00437b90 f   LIBCD:ulldiv.obj
 0001:00036c00       __aullrem                  00437c00 f   LIBCD:ullrem.obj
 0001:00036c80       __dosmaperr                00437c80 f   LIBCD:dosmap.obj
 0001:00036d10       __alloc_osfhnd             00437d10 f   LIBCD:osfinfo.obj
 0001:00036e40       __set_osfhnd               00437e40 f   LIBCD:osfinfo.obj
 0001:00036ef0       __free_osfhnd              00437ef0 f   LIBCD:osfinfo.obj
 0001:00036fc0       __get_osfhandle            00437fc0 f   LIBCD:osfinfo.obj
 0001:00037020       __open_osfhandle           00438020 f   LIBCD:osfinfo.obj
 0001:00037110       __commit                   00438110 f   LIBCD:commit.obj
 0001:000371c0       __open                     004381c0 f   LIBCD:open.obj
 0001:00037200       __sopen                    00438200 f   LIBCD:open.obj
 0001:000376f0       __matherr                  004386f0 f   LIBCD:matherr.obj
 0001:00037700       ___crtLCMapStringA         00438700 f   LIBCD:a_map.obj
 0001:00037a60       ___crtGetStringTypeA       00438a60 f   LIBCD:a_str.obj
 0001:00037c20       ___strgtold12              00438c20 f   LIBCD:strgtold.obj
 0001:00038750       ___STRINGTOLD              00439750 f   LIBCD:strgtold.obj
 0001:000387a0       _mbtowc                    004397a0 f   LIBCD:mbtowc.obj
 0001:00038900       _isalpha                   00439900 f   LIBCD:_ctype.obj
 0001:00038950       _isupper                   00439950 f   LIBCD:_ctype.obj
 0001:00038990       _islower                   00439990 f   LIBCD:_ctype.obj
 0001:000389d0       _isdigit                   004399d0 f   LIBCD:_ctype.obj
 0001:00038a10       _isxdigit                  00439a10 f   LIBCD:_ctype.obj
 0001:00038a60       _isspace                   00439a60 f   LIBCD:_ctype.obj
 0001:00038aa0       _ispunct                   00439aa0 f   LIBCD:_ctype.obj
 0001:00038ae0       _isalnum                   00439ae0 f   LIBCD:_ctype.obj
 0001:00038b30       _isprint                   00439b30 f   LIBCD:_ctype.obj
 0001:00038b80       _isgraph                   00439b80 f   LIBCD:_ctype.obj
 0001:00038bd0       _iscntrl                   00439bd0 f   LIBCD:_ctype.obj
 0001:00038c10       ___isascii                 00439c10 f   LIBCD:_ctype.obj
 0001:00038c20       ___toascii                 00439c20 f   LIBCD:_ctype.obj
 0001:00038c30       ___iscsymf                 00439c30 f   LIBCD:_ctype.obj
 0001:00038c90       ___iscsym                  00439c90 f   LIBCD:_ctype.obj
 0001:00038cf0       __allshl                   00439cf0 f   LIBCD:llshl.obj
 0001:00038d10       _ungetc                    00439d10 f   LIBCD:ungetc.obj
 0001:00038e50       __ismbbkalnum              00439e50 f   LIBCD:ismbbyte.obj
 0001:00038e70       __ismbbkprint              00439e70 f   LIBCD:ismbbyte.obj
 0001:00038e90       __ismbbkpunct              00439e90 f   LIBCD:ismbbyte.obj
 0001:00038eb0       __ismbbalnum               00439eb0 f   LIBCD:ismbbyte.obj
 0001:00038ed0       __ismbbalpha               00439ed0 f   LIBCD:ismbbyte.obj
 0001:00038ef0       __ismbbgraph               00439ef0 f   LIBCD:ismbbyte.obj
 0001:00038f10       __ismbbprint               00439f10 f   LIBCD:ismbbyte.obj
 0001:00038f30       __ismbbpunct               00439f30 f   LIBCD:ismbbyte.obj
 0001:00038f50       __ismbblead                00439f50 f   LIBCD:ismbbyte.obj
 0001:00038f70       __ismbbtrail               00439f70 f   LIBCD:ismbbyte.obj
 0001:00038f90       __ismbbkana                00439f90 f   LIBCD:ismbbyte.obj
 0001:00039040       ___addl                    0043a040 f   LIBCD:mantold.obj
 0001:00039080       ___add_12                  0043a080 f   LIBCD:mantold.obj
 0001:00039130       ___shl_12                  0043a130 f   LIBCD:mantold.obj
 0001:00039190       ___shr_12                  0043a190 f   LIBCD:mantold.obj
 0001:00039200       ___mtold12                 0043a200 f   LIBCD:mantold.obj
 0001:00039340       _$I10_OUTPUT               0043a340 f   LIBCD:x10fout.obj
 0001:00039860       __fcloseall                0043a860 f   LIBCD:closeall.obj
 0001:00039910       __chsize                   0043a910 f   LIBCD:chsize.obj
 0001:00039b80       ___ld12mul                 0043ab80 f   LIBCD:tenpow.obj
 0001:00039fc0       ___multtenpow12            0043afc0 f   LIBCD:tenpow.obj
 0001:0003a090       __setmode                  0043b090 f   LIBCD:setmode.obj
 0001:0003a190       _RtlUnwind@16              0043b190 f   kernel32:KERNEL32.dll
 0001:0003a196       _ExitProcess@4             0043b196 f   kernel32:KERNEL32.dll
 0001:0003a19c       _TerminateProcess@8        0043b19c f   kernel32:KERNEL32.dll
 0001:0003a1a2       _GetCurrentProcess@0       0043b1a2 f   kernel32:KERNEL32.dll
 0001:0003a1a8       _GetStartupInfoA@4         0043b1a8 f   kernel32:KERNEL32.dll
 0001:0003a1ae       _GetCommandLineA@0         0043b1ae f   kernel32:KERNEL32.dll
 0001:0003a1b4       _GetVersion@0              0043b1b4 f   kernel32:KERNEL32.dll
 0001:0003a1ba       _GetProcAddress@8          0043b1ba f   kernel32:KERNEL32.dll
 0001:0003a1c0       _DebugBreak@0              0043b1c0 f   kernel32:KERNEL32.dll
 0001:0003a1c6       _GetStdHandle@4            0043b1c6 f   kernel32:KERNEL32.dll
 0001:0003a1cc       _WriteFile@20              0043b1cc f   kernel32:KERNEL32.dll
 0001:0003a1d2       _InterlockedDecrement@4    0043b1d2 f   kernel32:KERNEL32.dll
 0001:0003a1d8       _LoadLibraryA@4            0043b1d8 f   kernel32:KERNEL32.dll
 0001:0003a1de       _InterlockedIncrement@4    0043b1de f   kernel32:KERNEL32.dll
 0001:0003a1e4       _GetModuleFileNameA@12     0043b1e4 f   kernel32:KERNEL32.dll
 0001:0003a1ea       _IsBadWritePtr@8           0043b1ea f   kernel32:KERNEL32.dll
 0001:0003a1f0       _IsBadReadPtr@8            0043b1f0 f   kernel32:KERNEL32.dll
 0001:0003a1f6       _HeapValidate@12           0043b1f6 f   kernel32:KERNEL32.dll
 0001:0003a1fc       _CloseHandle@4             0043b1fc f   kernel32:KERNEL32.dll
 0001:0003a202       _RaiseException@16         0043b202 f   kernel32:KERNEL32.dll
 0001:0003a208       _GetCPInfo@8               0043b208 f   kernel32:KERNEL32.dll
 0001:0003a20e       _GetACP@0                  0043b20e f   kernel32:KERNEL32.dll
 0001:0003a214       _GetOEMCP@0                0043b214 f   kernel32:KERNEL32.dll
 0001:0003a21a       _SetHandleCount@4          0043b21a f   kernel32:KERNEL32.dll
 0001:0003a220       _GetFileType@4             0043b220 f   kernel32:KERNEL32.dll
 0001:0003a226       _ReadFile@20               0043b226 f   kernel32:KERNEL32.dll
 0001:0003a22c       _SetFilePointer@16         0043b22c f   kernel32:KERNEL32.dll
 0001:0003a232       _UnhandledExceptionFilter@4 0043b232 f   kernel32:KERNEL32.dll
 0001:0003a238       _FreeEnvironmentStringsA@4 0043b238 f   kernel32:KERNEL32.dll
 0001:0003a23e       _FreeEnvironmentStringsW@4 0043b23e f   kernel32:KERNEL32.dll
 0001:0003a244       _WideCharToMultiByte@32    0043b244 f   kernel32:KERNEL32.dll
 0001:0003a24a       _GetEnvironmentStrings@0   0043b24a f   kernel32:KERNEL32.dll
 0001:0003a250       _GetEnvironmentStringsW@0  0043b250 f   kernel32:KERNEL32.dll
 0001:0003a256       _HeapDestroy@4             0043b256 f   kernel32:KERNEL32.dll
 0001:0003a25c       _HeapCreate@12             0043b25c f   kernel32:KERNEL32.dll
 0001:0003a262       _HeapFree@12               0043b262 f   kernel32:KERNEL32.dll
 0001:0003a268       _VirtualFree@12            0043b268 f   kernel32:KERNEL32.dll
 0001:0003a26e       _SetConsoleCtrlHandler@8   0043b26e f   kernel32:KERNEL32.dll
 0001:0003a274       _HeapAlloc@12              0043b274 f   kernel32:KERNEL32.dll
 0001:0003a27a       _HeapReAlloc@16            0043b27a f   kernel32:KERNEL32.dll
 0001:0003a280       _VirtualAlloc@16           0043b280 f   kernel32:KERNEL32.dll
 0001:0003a286       _SetUnhandledExceptionFilter@4 0043b286 f   kernel32:KERNEL32.dll
 0001:0003a28c       _IsBadCodePtr@4            0043b28c f   kernel32:KERNEL32.dll
 0001:0003a292       _SetStdHandle@8            0043b292 f   kernel32:KERNEL32.dll
 0001:0003a298       _FlushFileBuffers@4        0043b298 f   kernel32:KERNEL32.dll
 0001:0003a29e       _CreateFileA@28            0043b29e f   kernel32:KERNEL32.dll
 0001:0003a2a4       _MultiByteToWideChar@24    0043b2a4 f   kernel32:KERNEL32.dll
 0001:0003a2aa       _LCMapStringA@24           0043b2aa f   kernel32:KERNEL32.dll
 0001:0003a2b0       _LCMapStringW@24           0043b2b0 f   kernel32:KERNEL32.dll
 0001:0003a2b6       _GetStringTypeA@20         0043b2b6 f   kernel32:KERNEL32.dll
 0001:0003a2bc       _GetStringTypeW@16         0043b2bc f   kernel32:KERNEL32.dll
 0001:0003a2c2       _SetEndOfFile@4            0043b2c2 f   kernel32:KERNEL32.dll
 0001:0003a2d0       __stricmp                  0043b2d0 f   LIBCD:stricmp.obj
 0001:0003a2d0       _strcmpi                   0043b2d0 f   LIBCD:stricmp.obj
 0001:0003a2d0       __strcmpi                  0043b2d0 f   LIBCD:stricmp.obj
 0002:0000001c       ??_C@_0CF@HPMM@IsPlayerHit?5?9?5GetPlayerNumber?5FA@ 0043c01c     Collision.obj
 0002:00000044       __real@4@4002a000000000000000 0043c044     Collision.obj
 0002:00000048       __real@4@4007b400000000000000 0043c048     Collision.obj
 0002:0000004c       __real@4@4005b400000000000000 0043c04c     Collision.obj
 0002:00000050       __real@4@00000000000000000000 0043c050     Collision.obj
 0002:00000054       __real@4@c004e52eee0000000000 0043c054     Collision.obj
 0002:00000058       ??_C@_04CHLA@kill?$AA@     0043c058     Controls.obj
 0002:00000060       ??_C@_00A@?$AA@            0043c060     Controls.obj
 0002:00000064       ??_C@_0L@FPLB@disconnect?$AA@ 0043c064     Controls.obj
 0002:00000070       ??_C@_03DHMP@?5?3?5?$AA@   0043c070     Controls.obj
 0002:00000074       ??_C@_0CE@DDJN@IsPlayerHit?5?9?5HandleTalkMode?5FAI@ 0043c074     Controls.obj
 0002:00000098       ??_C@_05GFPN@say?3?5?$AA@  0043c098     Controls.obj
 0002:000000a0       __real@4@4004b400000000000000 0043c0a0     Controls.obj
 0002:000000a4       __real@4@c004b400000000000000 0043c0a4     Controls.obj
 0002:000000a8       __real@4@4006fa00000000000000 0043c0a8     Controls.obj
 0002:000000ac       __real@4@4003a000000000000000 0043c0ac     Controls.obj
 0002:000000b0       __real@4@3fff8000000000000000 0043c0b0     Controls.obj
 0002:000000b4       __real@4@4000c000000000000000 0043c0b4     Controls.obj
 0002:000000b8       __real@4@40008000000000000000 0043c0b8     Controls.obj
 0002:000000bc       __real@4@4001a000000000000000 0043c0bc     Controls.obj
 0002:000000c0       ??_C@_0BF@BPLA@Direct3D?5Application?$AA@ 0043c0c0     d3dapp.obj
 0002:000000d8       ??_7CD3DApplication@@6B@   0043c0d8     d3dapp.obj
 0002:00000110       ??_C@_05CKBG@Error?$AA@    0043c110     d3dapp.obj
 0002:00000118       ??_C@_0L@EPCI@D3D?5Window?$AA@ 0043c118     d3dapp.obj
 0002:00000124       __real@4@3ff583126f0000000000 0043c124     d3dapp.obj
 0002:00000128       ??_C@_0BG@FIKI@?$CF7?402f?5fps?5?$CI?$CFdx?$CFdx?$CFd?$CJ?$AA@ 0043c128     d3dapp.obj
 0002:00000140       ??_C@_0CE@FKMJ@?6?6Switching?5to?5software?5rasteriz@ 0043c140     d3dapp.obj
 0002:00000164       ??_C@_0BN@LNCL@?6?6This?5sample?5will?5now?5exit?4?$AA@ 0043c164     d3dapp.obj
 0002:00000184       ??_C@_0EK@CBGD@Generic?5application?5error?4?6?6Enab@ 0043c184     d3dapp.obj
 0002:000001d0       ??_C@_0EA@CCPH@There?5was?5insufficient?5video?5mem@ 0043c1d0     d3dapp.obj
 0002:00000210       ??_C@_0BD@LDMB@Not?5enough?5memory?$CB?$AA@ 0043c210     d3dapp.obj
 0002:00000224       ??_C@_0BB@NJHE@No?5render?5target?$AA@ 0043c224     d3dapp.obj
 0002:00000238       ??_C@_0FI@CGAN@A?5DDraw?5object?5has?5a?5non?9zero?5re@ 0043c238     d3dapp.obj
 0002:00000290       ??_C@_0O@INJM@No?5backbuffer?$AA@ 0043c290     d3dapp.obj
 0002:000002a0       ??_C@_0BB@MLCN@Bad?5display?5mode?$AA@ 0043c2a0     d3dapp.obj
 0002:000002b4       ??_C@_0L@FLJ@No?5Clipper?$AA@ 0043c2b4     d3dapp.obj
 0002:000002c0       ??_C@_0L@NLAA@No?5primary?$AA@ 0043c2c0     d3dapp.obj
 0002:000002cc       ??_C@_0M@PCFE@No?5Viewport?$AA@ 0043c2cc     d3dapp.obj
 0002:000002d8       ??_C@_0EP@HDBF@Invalid?5Z?9buffer?5depth?4?5Try?5swit@ 0043c2d8     d3dapp.obj
 0002:00000328       ??_C@_0L@BGCE@No?5ZBuffer?$AA@ 0043c328     d3dapp.obj
 0002:00000334       ??_C@_0FA@PLJM@?6The?53D?5hardware?5chipset?5may?5not@ 0043c334     d3dapp.obj
 0002:00000384       ??_C@_0CM@KDHP@Could?5not?5create?5the?5Direct3DDev@ 0043c384     d3dapp.obj
 0002:000003b0       ??_C@_0CA@IFDG@Could?5not?5set?5Cooperative?5Level?$AA@ 0043c3b0     d3dapp.obj
 0002:000003d0       ??_C@_0HN@NHCK@This?5sample?5requires?5a?516?9bit?5?$CIo@ 0043c3d0     d3dapp.obj
 0002:00000450       ??_C@_0M@CKDB@No?5Direct3D?$AA@ 0043c450     d3dapp.obj
 0002:0000045c       ??_C@_0O@PIDM@No?5DirectDraw?$AA@ 0043c45c     d3dapp.obj
 0002:0000046c       ??_C@_0EN@GAHI@Generic?5initialization?5error?4?6?6E@ 0043c46c     d3dapp.obj
 0002:000004bc       ??_C@_0FE@JNPM@Enumeration?5failed?4?5Your?5system?5@ 0043c4bc     d3dapp.obj
 0002:00000510       ??_C@_0GH@BPHA@Could?5not?5find?5any?5compatible?5de@ 0043c510     d3dapp.obj
 0002:00000578       ??_C@_0DA@OHOG@Could?5not?5find?5any?5compatible?5Di@ 0043c578     d3dapp.obj
 0002:000005a8       ??_C@_0BN@FDDE@Could?5not?5create?5DirectDraw?$CB?$AA@ 0043c5a8     d3dapp.obj
 0002:000005c8       ??_C@_0CL@HOMK@Try?5enabling?5the?5D3D?5Reference?5R@ 0043c5c8     d3denum.obj
 0002:000005f4       ??_C@_0CF@ENPL@No?5enumerated?5devices?5were?5accep@ 0043c5f4     d3denum.obj
 0002:0000061c       ??_C@_0BO@FOFD@d?3?2roadrage?2final?2d3denum?4cpp?$AA@ 0043c61c     d3denum.obj
 0002:0000063c       ??_C@_0CJ@KADI@No?5devices?5and?1or?5modes?5were?5enu@ 0043c63c     d3denum.obj
 0002:00000668       ??_C@_0CL@NCDB@Can?8t?5query?5IDirect3D7?5during?5en@ 0043c668     d3denum.obj
 0002:00000694       ??_C@_0CH@FBHC@Can?8t?5create?5DDraw?5during?5enumer@ 0043c694     d3denum.obj
 0002:000006bc       ??_C@_0BA@NMAE@?$CFld?5x?5?$CFld?5x?5?$CFld?$AA@ 0043c6bc     d3denum.obj
 0002:000006cc       ??_C@_0CJ@NKGO@Error?3?5DDraw?5object?5is?5still?5ref@ 0043c6cc     d3dframe.obj
 0002:000006f8       ??_C@_0BP@GCLC@d?3?2roadrage?2final?2d3dframe?4cpp?$AA@ 0043c6f8     d3dframe.obj
 0002:00000718       ??_C@_0CN@CJPL@Error?3?5D3DDevice?5object?5is?5still@ 0043c718     d3dframe.obj
 0002:00000748       ??_C@_0BI@NPLP@Couldn?8t?5set?5coop?5level?$AA@ 0043c748     d3dframe.obj
 0002:00000760       ??_C@_0BM@EDAO@Could?5not?5create?5DirectDraw?$AA@ 0043c760     d3dframe.obj
 0002:0000077c       ??_C@_0CJ@NMLC@Check?5on?5backbuffer?5pixel?5format@ 0043c77c     d3dframe.obj
 0002:000007a8       ??_C@_0L@FLME@?$CFd?5?$CFd?5?$CFd?6?6?$AA@ 0043c7a8     d3dframe.obj
 0002:000007b4       ??_C@_0CG@GGDI@Backbuffer?5Pixelformat?5RGB?5masks@ 0043c7b4     d3dframe.obj
 0002:000007dc       ??_C@_03HMFC@?$CFd?6?$AA@  0043c7dc     d3dframe.obj
 0002:000007e0       ??_C@_0CG@EMPB@Backbuffer?5Pixelformat?5RGB?5bits?5@ 0043c7e0     d3dframe.obj
 0002:00000808       ??_C@_0O@HNLF@rrlogfile?4txt?$AA@ 0043c808     d3dframe.obj
 0002:00000818       ??_C@_01FNLH@a?$AA@        0043c818     d3dframe.obj
 0002:0000081c       ??_C@_0CF@BBBF@Error?3?5Can?8t?5get?5the?5left?5backbu@ 0043c81c     d3dframe.obj
 0002:00000844       ??_C@_0CA@INEK@Error?3?5Can?8t?5get?5the?5backbuffer?$AA@ 0043c844     d3dframe.obj
 0002:00000864       ??_C@_0BL@BHI@Error?3?5Out?5of?5video?5memory?$AA@ 0043c864     d3dframe.obj
 0002:00000880       ??_C@_0CE@JCMI@Error?3?5Can?8t?5create?5primary?5surf@ 0043c880     d3dframe.obj
 0002:000008a4       ??_C@_0BH@OCCH@Can?8t?5set?5display?5mode?$AA@ 0043c8a4     d3dframe.obj
 0002:000008bc       ??_C@_0CG@CLHM@Error?3?5Couldn?8t?5create?5the?5backb@ 0043c8bc     d3dframe.obj
 0002:000008e4       ??_C@_0BP@FPFF@Error?3?5Couldn?8t?5create?5clipper?$AA@ 0043c8e4     d3dframe.obj
 0002:00000904       ??_C@_0CP@JBPF@Error?3?5Couldn?8t?5set?5current?5view@ 0043c904     d3dframe.obj
 0002:00000934       ??_C@_0BO@KMP@Couldn?8t?5create?5the?5D3DDevice?$AA@ 0043c934     d3dframe.obj
 0002:00000954       ??_C@_0CE@COEH@Couldn?8t?5get?5the?5Direct3D?5interf@ 0043c954     d3dframe.obj
 0002:00000978       ??_C@_0DJ@FPBN@Error?3?5SetRenderTarget?$CI?$CJ?5failed?5@ 0043c978     d3dframe.obj
 0002:000009b4       ??_C@_0DG@ECNI@Error?3?5Couldn?8t?5attach?5zbuffer?5t@ 0043c9b4     d3dframe.obj
 0002:000009ec       ??_C@_0DB@OJDI@Error?3?5Couldn?8t?5attach?5zbuffer?5t@ 0043c9ec     d3dframe.obj
 0002:00000a20       ??_C@_0CJ@BKHF@Error?3?5Couldn?8t?5create?5a?5ZBuffer@ 0043ca20     d3dframe.obj
 0002:00000a4c       ??_C@_0DA@GNPN@Device?5doesn?8t?5support?5requested@ 0043ca4c     d3dframe.obj
 0002:00000a80       __real@8@3ff583126f0000000000 0043ca80     d3dmath.obj
 0002:00000a88       __real@4@3ffe8000000000000000 0043ca88     d3dmath.obj
 0002:00000a8c       ??_C@_04LCGE@?4tga?$AA@    0043ca8c     d3dtextr.obj
 0002:00000a94       ??_C@_04OEJP@?4bmp?$AA@    0043ca94     d3dtextr.obj
 0002:00000a9c       ??_C@_02JKAF@rb?$AA@       0043ca9c     d3dtextr.obj
 0002:00000aa0       ??_C@_0O@HLMI@?2D3DIM?2Media?2?$AA@ 0043caa0     d3dutil.obj
 0002:00000ab0       ??_C@_0BD@ENAL@DXSDK?5Samples?5Path?$AA@ 0043cab0     d3dutil.obj
 0002:00000ac4       ??_C@_0BL@KNKL@Software?2Microsoft?2DirectX?$AA@ 0043cac4     d3dutil.obj
 0002:00000ae0       __real@4@3feb8637bd0000000000 0043cae0     d3dutil.obj
 0002:00000ae8       __real@8@3ff8a3d70a0000000000 0043cae8     d3dutil.obj
 0002:00000af0       ??_C@_01BJG@?6?$AA@        0043caf0     d3dutil.obj
 0002:00000af4       ??_C@_0M@EJKJ@?$CIhr?$DN?$CF08lx?$CJ?6?$AA@ 0043caf4     d3dutil.obj
 0002:00000b00       ??_C@_09BFBP@?$CFs?$CI?$CFld?$CJ?3?5?$AA@ 0043cb00     d3dutil.obj
 0002:00000b0c       ??_C@_0BJ@BJL@?$CFs?5?9?5Multiplayer?5Connect?$AA@ 0043cb0c     DpConnect.obj
 0002:00000b28       ??_C@_0BK@MHMB@Wait?5for?5Lobby?5Connection?$AA@ 0043cb28     DpConnect.obj
 0002:00000b44       ??_C@_0EL@CGEN@This?5application?5requires?5Direct@ 0043cb44     DpConnect.obj
 0002:00000b90       ??_C@_0BC@DABE@DirectPlay?5Sample?$AA@ 0043cb90     DpConnect.obj
 0002:00000ba4       ??_C@_0CE@EIMP@You?5must?5enter?5a?5valid?5player?5na@ 0043cba4     DpConnect.obj
 0002:00000bc8       ??_C@_0BH@IMCN@Unable?5to?5create?5game?4?$AA@ 0043cbc8     DpConnect.obj
 0002:00000be0       ??_C@_0BF@CGIA@Unable?5to?5join?5game?4?$AA@ 0043cbe0     DpConnect.obj
 0002:00000bf8       ??_C@_0N@HFOG@Searching?4?4?4?$AA@ 0043cbf8     DpConnect.obj
 0002:00000c08       ??_C@_0CE@IDIF@Error?5enumerating?5DirectPlay?5gam@ 0043cc08     DpConnect.obj
 0002:00000c2c       ??_C@_0N@LPPC@Start?5Search?$AA@ 0043cc2c     DpConnect.obj
 0002:00000c3c       ??_C@_0BH@NAGK@?$CFs?5?9?5Multiplayer?5Games?$AA@ 0043cc3c     DpConnect.obj
 0002:00000c54       ??_C@_0EO@BDHC@Click?5Start?5Search?5to?5see?5a?5list@ 0043cc54     DpConnect.obj
 0002:00000ca4       ??_C@_0BF@NLKN@Looking?5for?5games?4?4?4?$AA@ 0043cca4     DpConnect.obj
 0002:00000cbc       ??_C@_0L@DDF@?$CFs?5?$CI?$CFd?1?$CFd?$CJ?$AA@ 0043ccbc     DpConnect.obj
 0002:00000cc8       ??_C@_0BB@EMEB@MyRRnetID?5?5?5?5?5?3?5?$AA@ 0043ccc8     DpConnect.obj
 0002:00000cdc       ??_C@_0BB@EJMO@Player?8s?5dpid?5?3?5?$AA@ 0043ccdc     DpConnect.obj
 0002:00000cf0       ??_C@_0BK@EEDH@Direct?5Play?5?3?5Joined?5game?$AA@ 0043ccf0     DpConnect.obj
 0002:00000d0c       ??_C@_0BM@HPKN@There?5are?5no?5games?5to?5join?4?$AA@ 0043cd0c     DpConnect.obj
 0002:00000d28       ??_C@_0BC@OIML@?9?9?9?9?9?9?9?9?9?9?9?9?9?9?9?6?6?$AA@ 0043cd28     DpConnect.obj
 0002:00000d3c       ??_C@_0BF@NNIM@MyRRnetID?5?5?5?5?5?5?3?5?$CFd?6?$AA@ 0043cd3c     DpConnect.obj
 0002:00000d54       ??_C@_0BF@EEGL@Player?8s?5dpid?5?5?3?5?$CFd?6?$AA@ 0043cd54     DpConnect.obj
 0002:00000d6c       ??_C@_0BF@PMBO@Player?8s?5name?5?5?3?5?$CFs?6?$AA@ 0043cd6c     DpConnect.obj
 0002:00000d84       ??_C@_0BM@OEPG@Direct?5Play?5?3?5Created?5game?6?$AA@ 0043cd84     DpConnect.obj
 0002:00000da0       ??_C@_07JGFA@no?5name?$AA@ 0043cda0     DpConnect.obj
 0002:00000da8       ??_C@_0BA@ONCM@Finding?5Game?4?4?4?$AA@ 0043cda8     DpConnect.obj
 0002:00000db8       ??_C@_0BK@KFKB@Waiting?5for?5connection?4?4?4?$AA@ 0043cdb8     DpConnect.obj
 0002:00000dd4       ??_C@_0CC@OHFD@RrDestroyPlayer?5?9?5disconnected?5o@ 0043cdd4     DpMessages.obj
 0002:00000df8       ??_C@_0BL@JDAK@RrDestroyPlayer?5?9?5Close?5ok?$AA@ 0043cdf8     DpMessages.obj
 0002:00000e14       ??_C@_0BP@BDDO@RrDestroyPlayer?5FAILED?5?9?5Close?$AA@ 0043ce14     DpMessages.obj
 0002:00000e34       ??_C@_0CD@BECP@RrDestroyPlayer?5?9?5DestroyPlayer?5@ 0043ce34     DpMessages.obj
 0002:00000e58       ??_C@_0CH@CCBC@RrDestroyPlayer?5FAILED?5?9?5Destroy@ 0043ce58     DpMessages.obj
 0002:00000e80       ??_C@_0BN@FPNF@RrDestroyPlayer?5?5?9?5g_pDP?5ok?5?$AA@ 0043ce80     DpMessages.obj
 0002:00000ea0       ??_C@_0CG@MKDL@RrDestroyPlayer?5FAILED?5?9?5g_pDP?5?$DN@ 0043cea0     DpMessages.obj
 0002:00000ec8       ??_C@_0CE@MKLH@IsPlayerHit?5?9?5APPMSG_RESPAWN?5FAI@ 0043cec8     DpMessages.obj
 0002:00000eec       ??_C@_0CK@EMBM@IsPlayerHit?5?9?5APPMSG_WALK_OR_DRI@ 0043ceec     DpMessages.obj
 0002:00000f18       ??_C@_0CB@JIDN@IsPlayerHit?5?9?5APPMSG_FIRE?5FAILED@ 0043cf18     DpMessages.obj
 0002:00000f3c       ??_C@_0BK@CEFC@received?5RESPAWN_TIMER?5ok?$AA@ 0043cf3c     DpMessages.obj
 0002:00000f58       ??_C@_0DB@PKBP@IsPlayerHit?5?9?5APPMSG_HIT?5?$CIscorin@ 0043cf58     DpMessages.obj
[...]
 0001:00027690       lastpage                   00428690 f   LIBCD:chkstk.obj
 0001:000275fc       str_misaligned             004285fc f   LIBCD:strlen.obj
 0001:00027610       main_loop                  00428610 f   LIBCD:strlen.obj
 0001:00027643       byte_3                     00428643 f   LIBCD:strlen.obj
 0001:0002764d       byte_2                     0042864d f   LIBCD:strlen.obj
 0001:00027657       byte_1                     00428657 f   LIBCD:strlen.obj
 0001:00027661       byte_0                     00428661 f   LIBCD:strlen.obj
 0001:00026a3d       main_loop                  00427a3d f   LIBCD:memcmp.obj
 0001:00026a5a       done                       00427a5a f   LIBCD:memcmp.obj
 0001:00026a5c       retnull                    00427a5c f   LIBCD:memcmp.obj
 0001:00026a5d       dwords                     00427a5d f   LIBCD:memcmp.obj
 0001:00026a85       difference_in_tail         00427a85 f   LIBCD:memcmp.obj
 0001:00026a8a       not_equal                  00427a8a f   LIBCD:memcmp.obj
 0001:00026a92       tail_loop_start            00427a92 f   LIBCD:memcmp.obj
 0001:00026ab9       tail_done                  00427ab9 f   LIBCD:memcmp.obj
 0001:00026740       LeadUp1                    00427740 f   LIBCD:memcpy.obj
 0001:0002676c       LeadUp2                    0042776c f   LIBCD:memcpy.obj
 0001:00026790       LeadUp3                    00427790 f   LIBCD:memcpy.obj
 0001:0002680f       UnwindUp0                  0042780f f   LIBCD:memcpy.obj
 0001:000267fc       UnwindUp1                  004277fc f   LIBCD:memcpy.obj
 0001:000267f4       UnwindUp2                  004277f4 f   LIBCD:memcpy.obj
 0001:000267ec       UnwindUp3                  004277ec f   LIBCD:memcpy.obj
 0001:000267e4       UnwindUp4                  004277e4 f   LIBCD:memcpy.obj
 0001:000267dc       UnwindUp5                  004277dc f   LIBCD:memcpy.obj
 0001:000267d4       UnwindUp6                  004277d4 f   LIBCD:memcpy.obj
 0001:000267cc       UnwindUp7                  004277cc f   LIBCD:memcpy.obj
 0001:00026828       TrailUp0                   00427828 f   LIBCD:memcpy.obj
 0001:00026830       TrailUp1                   00427830 f   LIBCD:memcpy.obj
 0001:0002683c       TrailUp2                   0042783c f   LIBCD:memcpy.obj
 0001:00026850       TrailUp3                   00427850 f   LIBCD:memcpy.obj
 0001:000268c8       LeadDown1                  004278c8 f   LIBCD:memcpy.obj
 0001:000268e8       LeadDown2                  004278e8 f   LIBCD:memcpy.obj
 0001:00026910       LeadDown3                  00427910 f   LIBCD:memcpy.obj
 0001:00026964       UnwindDown7                00427964 f   LIBCD:memcpy.obj
 0001:0002696c       UnwindDown6                0042796c f   LIBCD:memcpy.obj
 0001:00026974       UnwindDown5                00427974 f   LIBCD:memcpy.obj
 0001:0002697c       UnwindDown4                0042797c f   LIBCD:memcpy.obj
 0001:00026984       UnwindDown3                00427984 f   LIBCD:memcpy.obj
 0001:0002698c       UnwindDown2                0042798c f   LIBCD:memcpy.obj
 0001:00026994       UnwindDown1                00427994 f   LIBCD:memcpy.obj
 0001:000269a7       UnwindDown0                004279a7 f   LIBCD:memcpy.obj
 0001:000269c0       TrailDown0                 004279c0 f   LIBCD:memcpy.obj
 0001:000269c8       TrailDown1                 004279c8 f   LIBCD:memcpy.obj
 0001:000269d8       TrailDown2                 004279d8 f   LIBCD:memcpy.obj
 0001:000269ec       TrailDown3                 004279ec f   LIBCD:memcpy.obj
 0001:000266f0       CopyUp                     004276f0 f   LIBCD:memcpy.obj
 0001:0002670c       CopyLeadUp                 0042770c f   LIBCD:memcpy.obj
 0001:00026724       ByteCopyUp                 00427724 f   LIBCD:memcpy.obj
 0001:0002672c       CopyUnwindUp               0042772c f   LIBCD:memcpy.obj
 0001:00026868       CopyDown                   00427868 f   LIBCD:memcpy.obj
 0001:00026890       CopyUnwindDown             00427890 f   LIBCD:memcpy.obj
 0001:0002689c       CopyLeadDown               0042789c f   LIBCD:memcpy.obj
 0001:000268b4       ByteCopyDown               004278b4 f   LIBCD:memcpy.obj
 0001:00026693       adjust_loop                00427693 f   LIBCD:memset.obj
 0001:00026699       dwords                     00427699 f   LIBCD:memset.obj
 0001:000266b3       main_loop_tail             004276b3 f   LIBCD:memset.obj
 0001:000266b7       tail                       004276b7 f   LIBCD:memset.obj
 0001:000266bd       finish                     004276bd f   LIBCD:memset.obj
 0001:000266c3       toend                      004276c3 f   LIBCD:memset.obj
 0001:000265b0       _shortsort                 004275b0 f   LIBCD:qsort.obj
 0001:00026620       _swap                      00427620 f   LIBCD:qsort.obj
 0001:00026198       _gu_return                 00427198 f   LIBCD:exsup.obj
 0001:000261a0       __unwind_handler           004271a0 f   LIBCD:exsup.obj
 0001:00025f50       ?CatchGuardHandler@@YA?AW4_EXCEPTION_DISPOSITION@@PAUEHExceptionRecord@@PAUCatchGuardRN@@PAX2@Z 00426f50 f   LIBCD:trnsctrl.obj
 0001:00026060       ?TranslatorGuardHandler@@YA?AW4_EXCEPTION_DISPOSITION@@PAUEHExceptionRecord@@PAUTranslatorGuardRN@@PAX2@Z 00427060 f   LIBCD:trnsctrl.obj
 0001:00025abd       dest_misaligned            00426abd f   LIBCD:strcat.obj
 0001:00025acc       find_end_of_dest_string_loop 00426acc f   LIBCD:strcat.obj
 0001:00025aff       start_byte_3               00426aff f   LIBCD:strcat.obj
 0001:00025b04       start_byte_2               00426b04 f   LIBCD:strcat.obj
 0001:00025b09       start_byte_1               00426b09 f   LIBCD:strcat.obj
 0001:00025b0e       start_byte_0               00426b0e f   LIBCD:strcat.obj
 0001:00025b1d       src_misaligned             00426b1d f   LIBCD:strcat.obj
 0001:00025b31       main_loop                  00426b31 f   LIBCD:strcat.obj
 0001:00025b36       main_loop_entrance         00426b36 f   LIBCD:strcat.obj
 0001:00025b6a       byte_3                     00426b6a f   LIBCD:strcat.obj
 0001:00025b72       byte_2                     00426b72 f   LIBCD:strcat.obj
 0001:00025b7f       byte_1                     00426b7f f   LIBCD:strcat.obj
 0001:00025b88       byte_0                     00426b88 f   LIBCD:strcat.obj
 0001:00025b11       copy_start                 00426b11 f   LIBCD:strcat.obj

FIXUPS: 26a62 ffffff35 5 a ffffff51 12 26 10 5 35 10 fffffeae 12 18 16
FIXUPS: 26887 1c 31 10 fffffe93 12 2c 10 1d 2a 10 deb fffffc95 2a 45 4b
FIXUPS: 27194 fffffca4 60 33 63 4f 131 19 4d 4a fffffc2c ffffffc3 1f fffffedb
FIXUPS: 26c59 2a 10 1b 2a 10 fffffeaf 12 2a 10 1b 2a 10 1289 2a 2a 10 fffffe4c
FIXUPS: 27d9c 28 16 1d 29 25 fffffe2b 2e 2a 2e 14 22 22 fffffe78 2a 1e
FIXUPS: 27c25 13 fffffed4 27 f f 27 fffff864 2a 8e 19 15a3 20 fffffe98
FIXUPS: 28947 d fffffd66 85 69 33 8c 34 fffffc24 7a 6a fffffd6e 66 1b 6c
FIXUPS: 28130 82 2a fffffe93 fffffece 2d 12 6c 2d 18 fffffe3a 12 14 24
FIXUPS: 291ee ffffffce fffffefe 5e 7 fffffbc0 e f 10 a 5 5 16 39 c 17 10
FIXUPS: 28dcd 9 27 9 fffffca7 12 1d 20 1e 20 8d 12 13 19 fffffe21 158b
FIXUPS: 2a14e 18 19 19 a fffff11c 28 19f 20 57 14 32 64 140 2a 34 35 6b
FIXUPS: 297f6 29 43 5a 3d 33 3c 38 1c 1a 18 17 fffff895 2bad 69 2a 34 39
FIXUPS: 2bf5d 7c 2a 28 ffffdafe 10b 2a 18 38 16 2b 14 2e 18 18 7a 63 34
FIXUPS: 29eb9 1e d 2f 15 11 1d 21 14 13f8 28 28 28 a0 2b 32 2b 39 20 49
FIXUPS: 2b5f8 142 17 1c 4c 58 b1 fd 76 11e a1 20 31 28 4f 3a 31 18 45 18
FIXUPS: 2bdbb ffffee4f 2a 1c 50 1d 1f 62 34 3b 2b 3b 45 2b c 41 6b 56 36
FIXUPS: 2afd3 2b 1c 2c 1c 18 1f 62 51 60 5a ac 55 51 fffff012 5f 54 21
FIXUPS: 2a566 1e 1b 33 2f 51 29 3c 21 1b 1c 6b 28 32 4f 18 1f 5b 66 25
FIXUPS: 2a965 b3 19 59 5f 54 85 29 1e13 f 1f 12 1e 26 f 1c 12 21 d a 13
FIXUPS: 2cb20 13 28 14 15 14 7 17 6b 20 ffffd593 26 28 23 20 29 2f 1c 69
FIXUPS: 2c16e 6a 15 31 51 ba 3c 27 37 a 3f 25 b2 65 ce 36 12 38 4c 31 16
FIXUPS: 2c738 17 37 19 92 18 20 62 a f3 12 ebc 31 1e 2a 1b 11d 25 122 1e
FIXUPS: 2dbdc 75 32 22 26 170 55 53 ffffef7d 108 10 3e 54 4b 28 fffffcee
FIXUPS: 2cda3 78 fffffeb4 22 fffff37a 32 92 2290 c8 33 49 fffffbf9 e 28
FIXUPS: 2e1a8 6e 7d 41 fffffd99 3a ffffff09 1b c 10 29 2a fffff17c 34 24
FIXUPS: 2d2d9 67 133 18 21 34 30 a8 e2 142 12d3 c 3a e 11 2f 44 c 3e e
FIXUPS: 2ebf0 182 1d8 1ac 2b 33 1b6 f4 27 36 44 c 10 16 c fffff442 fffffc37
FIXUPS: 2e580 2a 227 fffffb4f 21 29f3 fffffd4d 59 fffffea4 37 fffffcc5
FIXUPS: 3091d fffff88b 13 dd 23f fffff4d4 23 5 111 43 107 4a 12 5 25e 35
FIXUPS: 2ff57 1e8 fffff54b 1c3 17 fffff167 1d 53 1d 2b 30f9 c1 24 e5 39
FIXUPS: 31df5 4a 3d 76 6c 62 20 77 27 70 46 31 35 44 35 1c 147 8a 32 24
FIXUPS: 32465 ffffea6d 36 ffffff41 fffffcf7 3e 146 17c7 ffffeb1b 2d 47
FIXUPS: 31064 9 19 a4 1aa 1d 118 1de 32 97 1f 58 a8 28 33 43 64 46 41 12
FIXUPS: 31999 4d 23 10 70 24 5a 46 17e6 14 13 14 1a 19 fffffd7e d 11 2f
FIXUPS: 33191 fffffe6c fffffea7 4a 94 2b fffff903 56 1e 13 22 fffffe07
FIXUPS: 32796 28 1f 29 26 17 12 1c fffffe2d 41 19c0 1e 41 93 20 68 82 10
FIXUPS: 342db 10 30 10 fffff74a a7 fffffa75 21 21 24 2a 23 fffffe4d 72
FIXUPS: 33516 24 17 fffffc73 1c 77 3a 59 15 17 1aee 4b fffffe4d 2a 44 4b
FIXUPS: 3499e 18 11b 21 4b 5d 17 b5 fffffd10 fffffad9 29 ffffffa0 17 fffff815
FIXUPS: 33c85 8c 14 26f 19 1c 13 2a 3a 10 13 16 3641 fffffee0 14 ffffe9f4
FIXUPS: 36133 19 de0 ffffe940 58 ffffff5d 19 fffffe17 17 24 2c 18 3f 10
FIXUPS: 3578f 10 55 fffffdd1 2f fffffeda 2b 29 32 fffffa20 182 35 fffffc6b
FIXUPS: 34dc0 49c0 fffff3f7 1d fffffc01 98 f6 fffff8d1 2a0 5a 34 37 60
FIXUPS: 385da 20 1d 11 15 15 fffffb1f fffffc53 2bf 2d 2f fffff902 35 18
FIXUPS: 37ad4 10 fffffc70 1ae fffffda4 a 280f 20 20 20 1d 20 20 2d fffffd85
FIXUPS: 39d8d fffffb8a 4d 40 40 43 4d 40 43 50 50 4d 65 60 fffffb20 fffff721
FIXUPS: 39037 eb 1c8 8c 152 6d 238 1325 5f 1d c 47 fffffd5d 2b fffffb89
FIXUPS: 3a4b5 33 24 bd 2d 9b 32 43 c 10 c fffff969 21 35 35 13a c 10 c
FIXUPS: 3a2ab 6c fffffb45 20 20 fffc8464 2d 91 2d 32 35 13 2d 13 ffffec74
FIXUPS: 1150 1ce 11 6 7d 3f 15 43 59 12 39e89 a fffffa91 70 4f 1df fffff8a3
FIXUPS: 3a98c 1c 1f 49 11 fffc6e10 12 12 4c c 19 17 47 19 d 27 95 65 a7
FIXUPS: 1b2d 56 1b 54 3f 177 30 94 30 35 95 65 82 33 55 3b ae 44 2579 81
FIXUPS: 4806 c 11 c 14 f c 11 c 14 f c 11 c 14 29 2fd 13 13 ffffc956 13
FIXUPS: 15af 13 1b e d 1d0 12 12 1c 2a13 1d 1d 1d 21 24 23 24 10 72 25
FIXUPS: 43ca d 25 25 2f 1e 1d 13 5c 23 ad 23 55 23 28 10 26 4f 23 28 b
FIXUPS: 3cf5 20 15 17 22 1f 2c 20 15 17 22 1f d 175 20 20 20 20 20 20 20
FIXUPS: 40bd 20 21 20 20 20 20 20 20 20 20 fffff4dc 46 78 24 25 37 24 25
FIXUPS: 38a7 14 22 b 22 14 f 8d 28 2a 5 d 7d 18 27 21 44 12 3e 12 3d a2
FIXUPS: 3c93 10 fffff5b3 b1 18 11 11 11 11 32 14 21 b 1d e b 12 40 b 17
FIXUPS: 349b 4c 40 1a 20 1d 1a 17 1c 27 23 15 4a 4a fffff543 5a 51 25 1b
FIXUPS: 2d09 23 5a e e 4f 1d b4 25 23 28 47 c f 26 49 37 27 e 16 20 2f
FIXUPS: 30e0 11 23 d 11c fffff514 14 24 20 3a 2d 15 1c 13 16 8 17 8 16
FIXUPS: 28d3 38a92 c fffc759b 1e 2e 1e 27 17 13 27 1a 15 5a 21 d ff f 3024
FIXUPS: 5c1f 1e 1d 1d 80 1e 29 29 22 26 1a 48 88 48 a9 39 15 ffffc4ff e
FIXUPS: 24f3 d1 4f 1a 16 1a 1c 17 f 1b 37 47 2e6b 7b 17 e 1b 33 8e 32 1b
FIXUPS: 5787 1b 1f 1f 21 25 34 c5 17 2d 98 19 33 1b 1b 1b 1b 1b 1f 1c 60
FIXUPS: 5b96 23 fffff186 2f 1f 19 3b 2b 33 2a 1c 20 1f 3d 3a 4d 14 2a 1b
FIXUPS: 5006 1b 15 39 2c 18 57 68 2c 8f 75 28 4e 1f0 76 195b 57 20 19 58
FIXUPS: 7004 51 3e 25 38 25 32 2f 20 38 20 2e 20 1c 9c f 63 d 53 1b 1e
FIXUPS: 740e 6f 21 34 d ffffd83b 1ca0 2f 1a 1b 14 29 16 25 f 15 51 1c 1c
FIXUPS: 6b77 46 25 32 33 25 30 22 24 55 27 32 1a 2f 25 15 4c 20 3a fffff4f0
FIXUPS: 63bd 3a 21 2d 24 d 1a 24 1d 32 15 3e 20 5c 20 36 1f 60 90 20 1d
FIXUPS: 67e1 25 32 5e 27 28 5e 27 28 f 1324 31 18 18 18 18 18 77 1b1 1bf
FIXUPS: 8182 13 173 12 f 18 f 62 ffffdcff d 65 24 25 31 2e 2e 2e 2e 2e
FIXUPS: 62a8 39 b7 4565 59 23 34 28 22 26 2e ffffcad8 f3 13 42 2b 21 21
FIXUPS: 796a f7 4b 45 2f 16 30 1f 20 20 15 33 1e 1f 20 19 2f 231a 44c 2d
FIXUPS: a460 15 12 42 d 4c 15 27 37 20 38 3d 30d5b c fffcf2eb 22 54 18
FIXUPS: a731 8c 30be8 c fffcf43c 1f d 49 1c 2f 37 ffffed88 90 a6 23 4c
FIXUPS: 982d 2c 4f 24 1c 2a 15 28 38 1ac 22 22 24 2c 36 22 16 2d 1b 4d
FIXUPS: 9e85 15 12 55 2c 4c 24 ffffeafa 45 21 ca 83 4d 4d 5c bd 56 56 63
FIXUPS: 8fb5 56 56 62 6f 4d 54 36 1e 49 21 299 3e 2f 25 1b 2b 21 22 13
FIXUPS: 8581 13 13 4c 7b 4f 25 23 52 4d e 31 1d 11 17 17 1d 11 28 11 2b
FIXUPS: 88e4 1a 13 17 29 10 48 25 3f 27 34 2758 16 27 c 11 12 14 16 27
FIXUPS: b28c 13 16e 53 16 13 28 16 14 13 b4 23 ffffce14 5 d 33 d 63 10
FIXUPS: 84ce d 55 19 28b4 1d 24 18 d 1d 29 14 1d 60 18 18 1d 2e 2e 8 2c
FIXUPS: b02f 1e 18 28 44 2c c 12 12 14 16 26 c 11 14 2803 28 2d 2d 40 1e
FIXUPS: db00 21 13 5f 2a ffffcee2 37 16 26 12 2d 35 2b 57 29 9a 19 37 1d
FIXUPS: ad64 d 17 11 1d 28 15 260d 30 20 15 22 23 18 20 55 2c 2f 2a 3f
FIXUPS: d62b 34 16 35 1c 24 30 1e 69 43 3b 21 10 41 1d 9b 1f 1c 1a fffff31b
FIXUPS: cccb 44 18 20 18 1a 7d 1e 44 255 1d 12 14 20 23 1e 11 c 27 12 57
FIXUPS: d218 48 28 22 1c 16 60 23 48 2c fffff3f1 1f 10 34 2c 1c e 37 23
FIXUPS: c8ea 25 40 b 1c 17 12 47 26 48 2c 42 26 21 28 14 71 1e 41 3d 13
FIXUPS: cc7a 18 fffff6b4 1f 1a 10 68 27 1d 9 2d 2b b 2b 17 17 1d 5 1b 3f
FIXUPS: c5a2 28 21 1c 1c 1c e d 48 34 27 2f d 56 fffff695 26 1f 1f 24 1e
FIXUPS: bedc 39 2a 2c 32 23 f 44 1f 3b 18 19 99 18 21 1e 16 1d 27 9 11
FIXUPS: c223 1f be 1c 9 fffff665 16 1d 9 21 56 21 17 11 1e 38 2b 2f 30
FIXUPS: bb8a 2a 26 13 1f 27 1e f 59 2e 24 2c 28 16 27 23 12 49 445e 10
FIXUPS: 102d1 1c 23 23 10 46 16 12 38 19 19 10 32 26 1f ffffb263 67 14
FIXUPS: b797 2a 28 1e 14 14 1f 57 79 15 18 21 43c7 10 6d 4e 10 13 10 16
FIXUPS: fea3 10 6c 4e 10 13 10 10 19 5a 1b 10 38 3c 4f 10 13 10 16 46 15
FIXUPS: 101d1 58 15 fffff52a 46 4f 10 13 10 16 5d 10 42 4c 4e 10 13 10
FIXUPS: f9d8 5b 10 6f 4e 10 13 10 16 6a 10 74 4e 10 13 10 16 fffff3de 11
FIXUPS: f0c9 214 91 13 12 d c 1d 14 f 1c 39 15 11 c 27 12 d 1b 12 174 21
FIXUPS: f68b 52 f 14 15 1b 1b 11 fffff150 a6 e 1c 10 34 1c 77 f f 31 1c
FIXUPS: eb17 1c 163 2f ab f 47 4e 13 10 94 13 7a 20 17 15 26 a1 14 18 ffffee52
FIXUPS: df15 25 e4 5d 24 3f 1c 41 19 30 1c 38 1c ff 96 21a 14 15 2b 18
FIXUPS: e624 11 c 23 1c ac 1c 5c 1c a7 29 5963 3a 15 cd 16 30 58 13 30
FIXUPS: 1447e 16 74 13 c 10 ffff970c 1b 19 18 24 14 18 1d 14 18 1d 31 1a
FIXUPS: ddbf 8d 21 13 5ec5 31 41 14 14 14 14 3d 15 41 21 10 67 27 14 14
FIXUPS: 13fa5 18 19 19 13 38 21 14 10 3b 26 10 6f 11 1a 3e fffff648 15
FIXUPS: 13856 41 14 14 14 14 14 45 ce 3d 15 15 15 15 21 15 31 41 14 14
FIXUPS: 13b83 14 3d ad 3a 15 15 15 15 21 fffff4fd 20 6c 3f 1a 25 1f 20
FIXUPS: 133d9 47 5a 18 19 26 33 3f 41 2b 41 1e 42 24 36 14 14 75 10 44
FIXUPS: 137b0 15 15 15 fffff4de 15 31 1a 6a 14 14 14 43 15 3f 14 14 37
FIXUPS: 12edd 14 14 38 14 14 14 38 14 14 14 37 4e 67 8a 5f 1a 1f ffffee07
FIXUPS: 1203a 23 2c 23 4e c0 d6 27 e2 20 29 20 a8 1c1 fe 15 19e 2b 7f 17
FIXUPS: 12a5c 64 4b 2b 84 4b 2f 25 15 25 15 ffffe779 1c 1d 29 1f 1f 20
FIXUPS: 114f4 7b 1f 14 2d 15 1a c 65 11 47 31 30 212 2a6 22 26 1c5 f9 23
FIXUPS: 11f2f 23 44 23 26 ffffef26 c 20 18 19 19 18 19 19 18 19 19 18 16
FIXUPS: 11053 15 16 16 28 23 2e 1a 25 50 40 36 36 36 36 39 f7 20 fffff79a
FIXUPS: 10bc8 1f 20 20 2d 12 15 23 17 23 1f 1c 1c 1c 20 19 18 19 19 18
FIXUPS: 10dff 11 18 18 20 18 11 20 18 19 c 3b79 14 18 4b 9a 119 3e 14 14
FIXUPS: 14d21 168 b9 ffffb64a 2a 16 30 21 17 36 2d 310 1c 2a 1c 2a 1c 20
FIXUPS: 10a8f 1c 20 20 49 60e8 63 11 11 11 11 f ffffd8b7 32 28 18 12 27
FIXUPS: 14670 3e 3e 2d 2d 43 18 16 14 18 16 15 f 4d 3d 34 37 37 37 1eb9
FIXUPS: 16857 17 10 89 1d 14 27 15 11 f 26 1a f 26 1a f 26 1a f 26 1a f
FIXUPS: 16af6 1a f 26 1e 17 10 69 1a fffff8b7 26 36 14 14 f 26 c 26 2b
FIXUPS: 165e4 24 2b c 26 21 14 f 26 c 26 21 14 f 26 c 26 21 14 f 26 c fffff927
FIXUPS: 16160 1f 7 1e 24 2c 7 1f 24 2c 7 1f 41 14 14 f 26 c 26 36 14 14
FIXUPS: 163cd 26 c 26 36 14 14 f 26 fffff8fd 26 11 f 26 1a f 26 11 f 26
FIXUPS: 15ed4 17 10 5c 1d 14 27 15 20 1b 1e 17 f 26 c 26 36 14 14 f 26
FIXUPS: 15aa3 1a f 26 11 f 26 1a f 26 11 f 26 1a f 26 11 f 26 1a f 26 11
FIXUPS: 15cd1 26 1a f 26 11 f 26 1a fffff9df f 26 1a f 26 11 f 26 1a f
FIXUPS: 1589e 11 f 26 1a f 26 11 f 26 1a f 26 11 f 26 1a f 26 11 f fffff9ab
FIXUPS: 15437 26 1a f 26 11 f 26 1a f 26 1a f 26 11 f 26 1a f 26 11 f 26
FIXUPS: 15689 17 10 57 1d 14 27 15 fffff994 26 11 f 26 1a f 26 11 f 26
FIXUPS: 15223 f 26 11 f 26 1a f 26 11 f 26 1a f 26 11 f 26 1a f 26 565d
FIXUPS: 1aa90 33 14 1d 18 14 1e 39 14 1e 3c 14 1e 14 1c 13 ffffa33d 1d
FIXUPS: 14fc8 27 15 11 f 26 1a f 26 11 f 26 1a 53cf 18 f 3e f 3f f 3f 18
FIXUPS: 1a5f0 9c 18 29 1b 82 18 37 53 3d 33 39 24 33 c 18 44 65 12 21 22
FIXUPS: 1aa48 18 fffff516 37 42 1a 1b 20 18 f 3e f 3f f 3f 18 f 9e 18 39
FIXUPS: 1a27b 18 f 3f f 3f f 3f 18 f a4 18 2d 1b fffff6ac 1b 18 14 1c 42
FIXUPS: 19c11 f 1d 14 27 2c 18 f 1e 18 18 f 1a 20 18 f 3e f 3f f 3f 18
FIXUPS: 19e8a 9c 18 24 ffffedf1 2d 20 18 29 3a 14 45 14 101 101 102 101
FIXUPS: 1938e 102 101 101 102 c8 2d 19 5a 22 15 e 6 4e 36 18 46 ea 20 ffffec5e
FIXUPS: 187d4 f 47 f 47 f 48 f 42 f 42 4b f 47 f 47 f 48 a0 20 21 1b 15
FIXUPS: 18bed 8 bb 14 20 1a 26 13 fffff44e 23 1b 1b 1b bb 20 f 38 bd 20
FIXUPS: 18407 38 bd 2a f 41 f 42 f 4d 18 18 1b 65 18 24 9 15 1d 1a 15 fffff413
FIXUPS: 17bad 1b 29 14 18 2d f 3c 58 2c 1b 1c f 1e 20 15 c 20 22 9 22 1c
FIXUPS: 17e62 3b bf 23 1b 1b 1b bd 3b fffff4b8 39 f 36 1c 30 1e 1a 15 18
FIXUPS: 17728 22 21 10 50 11 20 1f d0 14 1a 15 19 3b f 3b f 18 83 f 6a
FIXUPS: 17b6c fffff5aa f 32 1c f 33 20 f 1e f 49 f 49 f 46 20 14 37 38
FIXUPS: 173e6 14 20 f 3a f 39 f 3a 14 20 f 3a 4516 64 2b d 61 1d 5b 19
FIXUPS: 1bc2c 84 42 1d 23 15 22 ffffb01a 20 1f 1b 34 14 20 16 26 1f 68
FIXUPS: 16f4e 11f 20 f 35 f 43fd 29 19 51 66 33 19 f 30 13 13 51 1b 31
FIXUPS: 1b738 10 73 33 1fbd7 c fffe046a 33 1c 3e 21 34 1c 19 69 20 4a 45
FIXUPS: 24966 13 1b 16 14 1b 16 18 24 12 11 7 1f 10 ffff6787 f 14 11 d
FIXUPS: 1b289 d 3f 29 12 1f 2a 4e 1f 31 1e 43 1e 9081 1c 4c 7 17 7 1f 2b
FIXUPS: 245e3 15 20 29 20 23 23 23 46 65 f 24 23 f 24 25 f 27 28 f 27 25
FIXUPS: 248eb 27 fffff28a 2b 29 9 13 46 19 14 33 9 16 10 11 2d 13 11 15
FIXUPS: 23d73 13 4f1 37 34 49 4d f 2b c3 e 1c 18 15 18 fffff298 26 29 27
FIXUPS: 2381c 17 19 22 1f 1f 1f 1f 24 24 24 24 24 24 12 5a f 57 10 18 16
FIXUPS: 23aed 19 14 35 9 1a 1c fffff493 14 62 1f 1f d7 2c 14 6d 14 d8 2d
FIXUPS: 233ae 14 51 29 23 11 33 1b 25 14 22 1f 26 6e 29 10 49 d1 29 25
FIXUPS: 227b0 7e 43 20 39 10 22 10 66 c7 1a 6 25 6 79 34 32 1f 2c 14 29
FIXUPS: 22c0c 24 30 2c 193 2c 14 6d 14 d8 2d ffffe878 2a 21 26 12 4d 7
FIXUPS: 21956 14 7 e 7 e 7 16 12 a6 46 45 2d cd 17 72b 2d 16b 21 151 c6
FIXUPS: 22724 6 25 10 ffffe971 c 13 b b 10 4b 9 30 9 39 9 36 c 20 15 bc
FIXUPS: 2133c 1e9 17 10 82 34 6d 31 7e 26 2a 33 33 27 29 fffff521 12 12
FIXUPS: 20d7b 12 12 13 1d 1a616 c fffe5a4f 19 21 19 21 19 1e 19 16 f 12
FIXUPS: 20f59 20 19 16 c 21 58 c 10 17 16 fffff651 1c 1c 1c 1c 1c 1c 1c
FIXUPS: 207a7 1c 1c 1c 22 3d 2a 3d 27c 85 1e 7b 12 12 12 12 12 12 12 12
FIXUPS: 20cfd 12 12 12 fffff481 20 8 c 1c 1b 5d 24 25 38 24 25 46 14 22
FIXUPS: 203ca 7 1f 7 14 f f4 47 4b 1c 1c 28 3b 1c 1c 1c 1c ffffe3e9 d d9
FIXUPS: 1eb9b ea 28 60 26 1f 32 b 10 95 437 b2 31d 1ba c 13 9b 10 151 3e
FIXUPS: 1fa81 28 60 26 5b3 18 4a 4a 1c ffffe554 1f 21 38 1f 22 1f 21 29
FIXUPS: 1e82e 1c 17 2c 1c 17 2c 43 46 15 8 8 19 13 11 7 18 2d 8 8 13 11
FIXUPS: 1ea73 fffff73d 17 bc 29 16 15 8 1f 3b 42 2e 4c 1f 1f 22 21 21 3f
FIXUPS: 1e4f5 1f 22 21 21 1f 4c 1f 22 1f 21 21 38 1f ffffea4d 23 1c 1d
FIXUPS: 1d19e a94 32 11 10 5e a 8 18 8 14 5 d b6 23 4f 89 13 c c 24 4d
FIXUPS: 1e0e7 18 2e 26 23 17 ffffeb32 6 e 19 50 17 36 27 14 d 1d 1c e 27
FIXUPS: 1ce4d 18 29 4e 1a 2d 1a 17 48 a 30 5b 26 2a 27 1e 23 26 fffff6cb
FIXUPS: 1c7fb 21 5b c 1b 5a c 1b 4d c 1b 5a c 1b 4a 27 44 27 15 33 16 33
FIXUPS: 1cb96 3a d 3c 29 6 e 18 2b fffff681 17 22 1f 2c 20 15 17 22 1f
FIXUPS: 1c438 46 db 2f 2c 13 18 16 18 16 10 33 12 44 1b 1b 30 21 21 f 17
FIXUPS: 1c7be 8905 45 10 49 f ffff6c5d 19 2b 17 e e e e e e e e e e e e
FIXUPS: 1bede 5b 241 17 11 19 4d 6a 18 5b 20 87c3 53 37 24 2f 32 21 31
FIXUPS: 24c5e 1e 2c 15 22 46 21 21 1c 42 34 1a 49 72 4b 25 63 19 19 3f
FIXUPS: 25039 19 1e 43
